../Core/Src/main.c:86:6:HAL_ADC_ConvCpltCallback	16	static
../Core/Src/main.c:93:6:maxIndex	40	static
../Core/Src/main.c:117:5:main	57472	static
../Core/Src/main.c:243:6:SystemClock_Config	96	static
../Core/Src/main.c:287:6:PeriphCommonClock_Config	160	static
../Core/Src/main.c:314:13:MX_ADC1_Init	32	static
../Core/Src/main.c:372:13:MX_DAC1_Init	48	static
../Core/Src/main.c:416:13:MX_LPUART1_UART_Init	8	static
../Core/Src/main.c:464:13:MX_SAI1_Init	8	static
../Core/Src/main.c:500:13:MX_TIM1_Init	112	static
../Core/Src/main.c:578:13:MX_DMA_Init	16	static
../Core/Src/main.c:600:13:MX_GPIO_Init	64	static
../Core/Src/main.c:794:1:__io_putchar	16	static
../Core/Src/main.c:806:6:Error_Handler	4	static,ignoring_inline_asm
