../Core/Src/main.c:103:6:HAL_ADC_ConvCpltCallback	16	static
../Core/Src/main.c:110:6:apply_hanning_window	24	static
../Core/Src/main.c:118:6:find_peaks	32	static
../Core/Src/main.c:132:6:autocorrelate	112	dynamic
../Core/Src/main.c:162:6:set_motor_speed	32	static
../Core/Src/main.c:179:6:screenInit	8	static
../Core/Src/main.c:185:6:reverse	32	static
../Core/Src/main.c:197:5:intToStr	32	static
../Core/Src/main.c:215:6:ftoa	48	static
../Core/Src/main.c:239:6:HAL_GPIO_EXTI_Callback	16	static
../Core/Src/main.c:254:5:main	65768	static
../Core/Src/main.c:603:6:SystemClock_Config	96	static
../Core/Src/main.c:647:6:PeriphCommonClock_Config	160	static
../Core/Src/main.c:674:13:MX_ADC1_Init	32	static
../Core/Src/main.c:732:13:MX_DAC1_Init	48	static
../Core/Src/main.c:776:13:MX_LPUART1_UART_Init	8	static
../Core/Src/main.c:824:13:MX_SAI1_Init	8	static
../Core/Src/main.c:860:13:MX_SPI1_Init	8	static
../Core/Src/main.c:900:13:MX_TIM1_Init	112	static
../Core/Src/main.c:980:13:MX_TIM4_Init	48	static
../Core/Src/main.c:1027:13:MX_DMA_Init	16	static
../Core/Src/main.c:1046:13:MX_GPIO_Init	64	static
../Core/Src/main.c:1228:1:__io_putchar	16	static
../Core/Src/main.c:1240:6:Error_Handler	4	static,ignoring_inline_asm
