../Core/Src/main.c:94:6:HAL_ADC_ConvCpltCallback	16	static
../Core/Src/main.c:101:6:apply_hanning_window	24	static
../Core/Src/main.c:109:6:find_peaks	32	static
../Core/Src/main.c:123:6:autocorrelate	112	dynamic
../Core/Src/main.c:153:6:set_motor_speed	32	static
../Core/Src/main.c:172:5:main	49312	static
../Core/Src/main.c:346:6:SystemClock_Config	96	static
../Core/Src/main.c:390:6:PeriphCommonClock_Config	160	static
../Core/Src/main.c:417:13:MX_ADC1_Init	32	static
../Core/Src/main.c:475:13:MX_DAC1_Init	48	static
../Core/Src/main.c:519:13:MX_LPUART1_UART_Init	8	static
../Core/Src/main.c:567:13:MX_SAI1_Init	8	static
../Core/Src/main.c:603:13:MX_TIM1_Init	112	static
../Core/Src/main.c:683:13:MX_TIM4_Init	48	static
../Core/Src/main.c:730:13:MX_DMA_Init	16	static
../Core/Src/main.c:749:13:MX_GPIO_Init	64	static
../Core/Src/main.c:927:1:__io_putchar	16	static
../Core/Src/main.c:939:6:Error_Handler	4	static,ignoring_inline_asm
