../Core/Src/main.c:102:6:HAL_ADC_ConvCpltCallback	16	static
../Core/Src/main.c:109:6:apply_hanning_window	24	static
../Core/Src/main.c:117:6:find_peaks	32	static
../Core/Src/main.c:131:6:autocorrelate	112	dynamic
../Core/Src/main.c:161:6:set_motor_speed	32	static
../Core/Src/main.c:178:6:screenInit	8	static
../Core/Src/main.c:184:6:reverse	32	static
../Core/Src/main.c:196:5:intToStr	32	static
../Core/Src/main.c:214:6:ftoa	48	static
../Core/Src/main.c:243:5:main	65784	static
../Core/Src/main.c:513:6:SystemClock_Config	96	static
../Core/Src/main.c:557:6:PeriphCommonClock_Config	160	static
../Core/Src/main.c:584:13:MX_ADC1_Init	32	static
../Core/Src/main.c:642:13:MX_DAC1_Init	48	static
../Core/Src/main.c:686:13:MX_LPUART1_UART_Init	8	static
../Core/Src/main.c:734:13:MX_SAI1_Init	8	static
../Core/Src/main.c:770:13:MX_SPI1_Init	8	static
../Core/Src/main.c:810:13:MX_TIM1_Init	112	static
../Core/Src/main.c:890:13:MX_TIM4_Init	48	static
../Core/Src/main.c:937:13:MX_DMA_Init	16	static
../Core/Src/main.c:956:13:MX_GPIO_Init	64	static
../Core/Src/main.c:1128:1:__io_putchar	16	static
../Core/Src/main.c:1140:6:Error_Handler	4	static,ignoring_inline_asm
