../Core/Src/main.c:89:6:HAL_ADC_ConvCpltCallback	16	static
../Core/Src/main.c:96:6:apply_hanning_window	24	static
../Core/Src/main.c:104:6:find_peaks	32	static
../Core/Src/main.c:118:6:autocorrelate	112	dynamic
../Core/Src/main.c:153:5:main	49312	static
../Core/Src/main.c:318:6:SystemClock_Config	96	static
../Core/Src/main.c:362:6:PeriphCommonClock_Config	160	static
../Core/Src/main.c:389:13:MX_ADC1_Init	32	static
../Core/Src/main.c:447:13:MX_DAC1_Init	48	static
../Core/Src/main.c:491:13:MX_LPUART1_UART_Init	8	static
../Core/Src/main.c:539:13:MX_SAI1_Init	8	static
../Core/Src/main.c:575:13:MX_TIM1_Init	112	static
../Core/Src/main.c:653:13:MX_DMA_Init	16	static
../Core/Src/main.c:672:13:MX_GPIO_Init	64	static
../Core/Src/main.c:866:1:__io_putchar	16	static
../Core/Src/main.c:878:6:Error_Handler	4	static,ignoring_inline_asm
