../Core/Src/main.c:108:6:HAL_ADC_ConvCpltCallback	16	static
../Core/Src/main.c:115:6:apply_hanning_window	24	static
../Core/Src/main.c:123:6:find_peaks	32	static
../Core/Src/main.c:137:6:autocorrelate	112	dynamic
../Core/Src/main.c:165:6:set_motor_speed_1	32	static
../Core/Src/main.c:179:6:set_motor_speed_2	32	static
../Core/Src/main.c:193:6:set_motor_speed_3	32	static
../Core/Src/main.c:207:6:set_motor_speed_4	32	static
../Core/Src/main.c:221:6:set_motor_speed_5	32	static
../Core/Src/main.c:234:6:set_motor_speed_6	32	static
../Core/Src/main.c:248:6:screenInit	8	static
../Core/Src/main.c:254:6:reverse	32	static
../Core/Src/main.c:266:5:intToStr	32	static
../Core/Src/main.c:284:6:ftoa	48	static
../Core/Src/main.c:308:6:HAL_GPIO_EXTI_Callback	32	static
../Core/Src/main.c:351:5:main	65792	static
../Core/Src/main.c:746:6:SystemClock_Config	96	static
../Core/Src/main.c:790:6:PeriphCommonClock_Config	160	static
../Core/Src/main.c:817:13:MX_ADC1_Init	32	static
../Core/Src/main.c:875:13:MX_LPUART1_UART_Init	8	static
../Core/Src/main.c:923:13:MX_USART1_UART_Init	8	static
../Core/Src/main.c:971:13:MX_SAI1_Init	8	static
../Core/Src/main.c:1007:13:MX_SPI1_Init	8	static
../Core/Src/main.c:1047:13:MX_TIM1_Init	112	static
../Core/Src/main.c:1135:13:MX_TIM4_Init	48	static
../Core/Src/main.c:1196:13:MX_TIM5_Init	48	static
../Core/Src/main.c:1247:13:MX_DMA_Init	16	static
../Core/Src/main.c:1266:13:MX_GPIO_Init	64	static
../Core/Src/main.c:1469:1:__io_putchar	16	static
../Core/Src/main.c:1481:6:Error_Handler	4	static,ignoring_inline_asm
