../Core/Src/main.c:106:6:HAL_ADC_ConvCpltCallback	16	static
../Core/Src/main.c:113:6:apply_hanning_window	24	static
../Core/Src/main.c:121:6:find_peaks	32	static
../Core/Src/main.c:135:6:autocorrelate	112	dynamic
../Core/Src/main.c:163:6:set_motor_speed_1	32	static
../Core/Src/main.c:177:6:set_motor_speed_2	32	static
../Core/Src/main.c:191:6:set_motor_speed_3	32	static
../Core/Src/main.c:205:6:set_motor_speed_4	32	static
../Core/Src/main.c:219:6:set_motor_speed_5	32	static
../Core/Src/main.c:232:6:set_motor_speed_6	32	static
../Core/Src/main.c:246:6:screenInit	8	static
../Core/Src/main.c:252:6:reverse	32	static
../Core/Src/main.c:264:5:intToStr	32	static
../Core/Src/main.c:282:6:ftoa	48	static
../Core/Src/main.c:306:6:HAL_GPIO_EXTI_Callback	16	static
../Core/Src/main.c:349:5:main	65800	static
../Core/Src/main.c:743:6:SystemClock_Config	96	static
../Core/Src/main.c:787:6:PeriphCommonClock_Config	160	static
../Core/Src/main.c:814:13:MX_ADC1_Init	32	static
../Core/Src/main.c:872:13:MX_LPUART1_UART_Init	8	static
../Core/Src/main.c:920:13:MX_USART1_UART_Init	8	static
../Core/Src/main.c:968:13:MX_SAI1_Init	8	static
../Core/Src/main.c:1004:13:MX_SPI1_Init	8	static
../Core/Src/main.c:1044:13:MX_TIM1_Init	112	static
../Core/Src/main.c:1132:13:MX_TIM4_Init	48	static
../Core/Src/main.c:1193:13:MX_TIM5_Init	48	static
../Core/Src/main.c:1244:13:MX_DMA_Init	16	static
../Core/Src/main.c:1263:13:MX_GPIO_Init	64	static
../Core/Src/main.c:1466:1:__io_putchar	16	static
../Core/Src/main.c:1478:6:Error_Handler	4	static,ignoring_inline_asm
