../Core/Src/main.c:71:6:init	8	static
../Core/Src/main.c:85:5:main	48	static
../Core/Src/main.c:191:6:SystemClock_Config	96	static
../Core/Src/main.c:236:13:MX_SPI1_Init	8	static
../Core/Src/main.c:276:13:MX_USART1_UART_Init	8	static
../Core/Src/main.c:324:13:MX_GPIO_Init	64	static
../Core/Src/main.c:573:6:reverse	32	static
../Core/Src/main.c:585:5:intToStr	32	static
../Core/Src/main.c:603:6:ftoa	48	static
../Core/Src/main.c:632:6:HAL_UART_RxCpltCallback	56	static
../Core/Src/main.c:701:6:Error_Handler	4	static,ignoring_inline_asm
