../Core/Src/main.c:79:6:init	8	static
../Core/Src/main.c:93:5:main	48	static
../Core/Src/main.c:189:6:SystemClock_Config	96	static
../Core/Src/main.c:234:13:MX_SPI1_Init	8	static
../Core/Src/main.c:274:13:MX_USART1_UART_Init	8	static
../Core/Src/main.c:322:13:MX_GPIO_Init	64	static
../Core/Src/main.c:571:6:reverse	32	static
../Core/Src/main.c:583:5:intToStr	32	static
../Core/Src/main.c:601:6:ftoa	48	static
../Core/Src/main.c:630:6:HAL_UART_RxCpltCallback	104	static
../Core/Src/main.c:745:6:Error_Handler	4	static,ignoring_inline_asm
