17:47:17 **** Clean-only build of configuration Debug for project lab7 ****
make -j12 clean 
rm -rf ./Drivers/STM32L4xx_HAL_Driver/Src/stm32l4xx_hal.cyclo ./Drivers/STM32L4xx_HAL_Driver/Src/stm32l4xx_hal.d ./Drivers/STM32L4xx_HAL_Driver/Src/stm32l4xx_hal.o ./Drivers/STM32L4xx_HAL_Driver/Src/stm32l4xx_hal.su ./Drivers/STM32L4xx_HAL_Driver/Src/stm32l4xx_hal_adc.cyclo ./Drivers/STM32L4xx_HAL_Driver/Src/stm32l4xx_hal_adc.d ./Drivers/STM32L4xx_HAL_Driver/Src/stm32l4xx_hal_adc.o ./Drivers/STM32L4xx_HAL_Driver/Src/stm32l4xx_hal_adc.su ./Drivers/STM32L4xx_HAL_Driver/Src/stm32l4xx_hal_adc_ex.cyclo ./Drivers/STM32L4xx_HAL_Driver/Src/stm32l4xx_hal_adc_ex.d ./Drivers/STM32L4xx_HAL_Driver/Src/stm32l4xx_hal_adc_ex.o ./Drivers/STM32L4xx_HAL_Driver/Src/stm32l4xx_hal_adc_ex.su ./Drivers/STM32L4xx_HAL_Driver/Src/stm32l4xx_hal_cortex.cyclo ./Drivers/STM32L4xx_HAL_Driver/Src/stm32l4xx_hal_cortex.d ./Drivers/STM32L4xx_HAL_Driver/Src/stm32l4xx_hal_cortex.o ./Drivers/STM32L4xx_HAL_Driver/Src/stm32l4xx_hal_cortex.su ./Drivers/STM32L4xx_HAL_Driver/Src/stm32l4xx_hal_dac.cyclo ./Drivers/STM32L4xx_HAL_Driver/Src/stm32l4xx_hal_dac.d ./Drivers/STM32L4xx_HAL_Driver/Src/stm32l4xx_hal_dac.o ./Drivers/STM32L4xx_HAL_Driver/Src/stm32l4xx_hal_dac.su ./Drivers/STM32L4xx_HAL_Driver/Src/stm32l4xx_hal_dac_ex.cyclo ./Drivers/STM32L4xx_HAL_Driver/Src/stm32l4xx_hal_dac_ex.d ./Drivers/STM32L4xx_HAL_Driver/Src/stm32l4xx_hal_dac_ex.o ./Drivers/STM32L4xx_HAL_Driver/Src/stm32l4xx_hal_dac_ex.su ./Drivers/STM32L4xx_HAL_Driver/Src/stm32l4xx_hal_dma.cyclo ./Drivers/STM32L4xx_HAL_Driver/Src/stm32l4xx_hal_dma.d ./Drivers/STM32L4xx_HAL_Driver/Src/stm32l4xx_hal_dma.o ./Drivers/STM32L4xx_HAL_Driver/Src/stm32l4xx_hal_dma.su ./Drivers/STM32L4xx_HAL_Driver/Src/stm32l4xx_hal_dma_ex.cyclo ./Drivers/STM32L4xx_HAL_Driver/Src/stm32l4xx_hal_dma_ex.d ./Drivers/STM32L4xx_HAL_Driver/Src/stm32l4xx_hal_dma_ex.o ./Drivers/STM32L4xx_HAL_Driver/Src/stm32l4xx_hal_dma_ex.su ./Drivers/STM32L4xx_HAL_Driver/Src/stm32l4xx_hal_exti.cyclo ./Drivers/STM32L4xx_HAL_Driver/Src/stm32l4xx_hal_exti.d ./Drivers/STM32L4xx_HAL_Driver/Src/stm32l4xx_hal_exti.o ./Drivers/STM32L4xx_HAL_Driver/Src/stm32l4xx_hal_exti.su ./Drivers/STM32L4xx_HAL_Driver/Src/stm32l4xx_hal_flash.cyclo ./Drivers/STM32L4xx_HAL_Driver/Src/stm32l4xx_hal_flash.d ./Drivers/STM32L4xx_HAL_Driver/Src/stm32l4xx_hal_flash.o ./Drivers/STM32L4xx_HAL_Driver/Src/stm32l4xx_hal_flash.su ./Drivers/STM32L4xx_HAL_Driver/Src/stm32l4xx_hal_flash_ex.cyclo ./Drivers/STM32L4xx_HAL_Driver/Src/stm32l4xx_hal_flash_ex.d ./Drivers/STM32L4xx_HAL_Driver/Src/stm32l4xx_hal_flash_ex.o ./Drivers/STM32L4xx_HAL_Driver/Src/stm32l4xx_hal_flash_ex.su ./Drivers/STM32L4xx_HAL_Driver/Src/stm32l4xx_hal_flash_ramfunc.cyclo ./Drivers/STM32L4xx_HAL_Driver/Src/stm32l4xx_hal_flash_ramfunc.d ./Drivers/STM32L4xx_HAL_Driver/Src/stm32l4xx_hal_flash_ramfunc.o ./Drivers/STM32L4xx_HAL_Driver/Src/stm32l4xx_hal_flash_ramfunc.su ./Drivers/STM32L4xx_HAL_Driver/Src/stm32l4xx_hal_gpio.cyclo ./Drivers/STM32L4xx_HAL_Driver/Src/stm32l4xx_hal_gpio.d ./Drivers/STM32L4xx_HAL_Driver/Src/stm32l4xx_hal_gpio.o ./Drivers/STM32L4xx_HAL_Driver/Src/stm32l4xx_hal_gpio.su ./Drivers/STM32L4xx_HAL_Driver/Src/stm32l4xx_hal_i2c.cyclo ./Drivers/STM32L4xx_HAL_Driver/Src/stm32l4xx_hal_i2c.d ./Drivers/STM32L4xx_HAL_Driver/Src/stm32l4xx_hal_i2c.o ./Drivers/STM32L4xx_HAL_Driver/Src/stm32l4xx_hal_i2c.su ./Drivers/STM32L4xx_HAL_Driver/Src/stm32l4xx_hal_i2c_ex.cyclo ./Drivers/STM32L4xx_HAL_Driver/Src/stm32l4xx_hal_i2c_ex.d ./Drivers/STM32L4xx_HAL_Driver/Src/stm32l4xx_hal_i2c_ex.o ./Drivers/STM32L4xx_HAL_Driver/Src/stm32l4xx_hal_i2c_ex.su ./Drivers/STM32L4xx_HAL_Driver/Src/stm32l4xx_hal_pwr.cyclo ./Drivers/STM32L4xx_HAL_Driver/Src/stm32l4xx_hal_pwr.d ./Drivers/STM32L4xx_HAL_Driver/Src/stm32l4xx_hal_pwr.o ./Drivers/STM32L4xx_HAL_Driver/Src/stm32l4xx_hal_pwr.su ./Drivers/STM32L4xx_HAL_Driver/Src/stm32l4xx_hal_pwr_ex.cyclo ./Drivers/STM32L4xx_HAL_Driver/Src/stm32l4xx_hal_pwr_ex.d ./Drivers/STM32L4xx_HAL_Driver/Src/stm32l4xx_hal_pwr_ex.o ./Drivers/STM32L4xx_HAL_Driver/Src/stm32l4xx_hal_pwr_ex.su ./Drivers/STM32L4xx_HAL_Driver/Src/stm32l4xx_hal_rcc.cyclo ./Drivers/STM32L4xx_HAL_Driver/Src/stm32l4xx_hal_rcc.d ./Drivers/STM32L4xx_HAL_Driver/Src/stm32l4xx_hal_rcc.o ./Drivers/STM32L4xx_HAL_Driver/Src/stm32l4xx_hal_rcc.su ./Drivers/STM32L4xx_HAL_Driver/Src/stm32l4xx_hal_rcc_ex.cyclo ./Drivers/STM32L4xx_HAL_Driver/Src/stm32l4xx_hal_rcc_ex.d ./Drivers/STM32L4xx_HAL_Driver/Src/stm32l4xx_hal_rcc_ex.o ./Drivers/STM32L4xx_HAL_Driver/Src/stm32l4xx_hal_rcc_ex.su ./Drivers/STM32L4xx_HAL_Driver/Src/stm32l4xx_hal_sai.cyclo ./Drivers/STM32L4xx_HAL_Driver/Src/stm32l4xx_hal_sai.d ./Drivers/STM32L4xx_HAL_Driver/Src/stm32l4xx_hal_sai.o ./Drivers/STM32L4xx_HAL_Driver/Src/stm32l4xx_hal_sai.su ./Drivers/STM32L4xx_HAL_Driver/Src/stm32l4xx_hal_sai_ex.cyclo ./Drivers/STM32L4xx_HAL_Driver/Src/stm32l4xx_hal_sai_ex.d ./Drivers/STM32L4xx_HAL_Driver/Src/stm32l4xx_hal_sai_ex.o ./Drivers/STM32L4xx_HAL_Driver/Src/stm32l4xx_hal_sai_ex.su ./Drivers/STM32L4xx_HAL_Driver/Src/stm32l4xx_hal_tim.cyclo ./Drivers/STM32L4xx_HAL_Driver/Src/stm32l4xx_hal_tim.d ./Drivers/STM32L4xx_HAL_Driver/Src/stm32l4xx_hal_tim.o ./Drivers/STM32L4xx_HAL_Driver/Src/stm32l4xx_hal_tim.su ./Drivers/STM32L4xx_HAL_Driver/Src/stm32l4xx_hal_tim_ex.cyclo ./Drivers/STM32L4xx_HAL_Driver/Src/stm32l4xx_hal_tim_ex.d ./Drivers/STM32L4xx_HAL_Driver/Src/stm32l4xx_hal_tim_ex.o ./Drivers/STM32L4xx_HAL_Driver/Src/stm32l4xx_hal_tim_ex.su ./Drivers/STM32L4xx_HAL_Driver/Src/stm32l4xx_hal_uart.cyclo ./Drivers/STM32L4xx_HAL_Driver/Src/stm32l4xx_hal_uart.d ./Drivers/STM32L4xx_HAL_Driver/Src/stm32l4xx_hal_uart.o ./Drivers/STM32L4xx_HAL_Driver/Src/stm32l4xx_hal_uart.su ./Drivers/STM32L4xx_HAL_Driver/Src/stm32l4xx_hal_uart_ex.cyclo ./Drivers/STM32L4xx_HAL_Driver/Src/stm32l4xx_hal_uart_ex.d ./Drivers/STM32L4xx_HAL_Driver/Src/stm32l4xx_hal_uart_ex.o ./Drivers/STM32L4xx_HAL_Driver/Src/stm32l4xx_hal_uart_ex.su
rm -rf ./Core/Startup/startup_stm32l4r5zitxp.d ./Core/Startup/startup_stm32l4r5zitxp.o
rm -rf ./Core/Src/main.cyclo ./Core/Src/main.d ./Core/Src/main.o ./Core/Src/main.su ./Core/Src/stm32l4xx_hal_msp.cyclo ./Core/Src/stm32l4xx_hal_msp.d ./Core/Src/stm32l4xx_hal_msp.o ./Core/Src/stm32l4xx_hal_msp.su ./Core/Src/stm32l4xx_it.cyclo ./Core/Src/stm32l4xx_it.d ./Core/Src/stm32l4xx_it.o ./Core/Src/stm32l4xx_it.su ./Core/Src/syscalls.cyclo ./Core/Src/syscalls.d ./Core/Src/syscalls.o ./Core/Src/syscalls.su ./Core/Src/sysmem.cyclo ./Core/Src/sysmem.d ./Core/Src/sysmem.o ./Core/Src/sysmem.su ./Core/Src/system_stm32l4xx.cyclo ./Core/Src/system_stm32l4xx.d ./Core/Src/system_stm32l4xx.o ./Core/Src/system_stm32l4xx.su
rm -rf default.size.stdout lab7.elf lab7.list lab7.map
 
17:47:18 **** Build of configuration Debug for project lab7 ****
make -j12 all 
arm-none-eabi-gcc "../Drivers/STM32L4xx_HAL_Driver/Src/stm32l4xx_hal.c" -mcpu=cortex-m4 -std=gnu11 -g -DDEBUG -DUSE_HAL_DRIVER -DSTM32L4R5xx -c -I../Core/Inc -I../Drivers/STM32L4xx_HAL_Driver/Inc -I../Drivers/STM32L4xx_HAL_Driver/Inc/Legacy -I../Drivers/CMSIS/Device/ST/STM32L4xx/Include -I../Drivers/CMSIS/Include -I../Middlewares/ST/ARM/DSP/Inc -O0 -ffunction-sections -fdata-sections -Wall -fstack-usage -fcyclomatic-complexity -MMD -MP -MF"Drivers/STM32L4xx_HAL_Driver/Src/stm32l4xx_hal.d" -MT"Drivers/STM32L4xx_HAL_Driver/Src/stm32l4xx_hal.o" --specs=nano.specs -mfpu=fpv4-sp-d16 -mfloat-abi=hard -mthumb -o "Drivers/STM32L4xx_HAL_Driver/Src/stm32l4xx_hal.o"
arm-none-eabi-gcc "../Drivers/STM32L4xx_HAL_Driver/Src/stm32l4xx_hal_adc.c" -mcpu=cortex-m4 -std=gnu11 -g -DDEBUG -DUSE_HAL_DRIVER -DSTM32L4R5xx -c -I../Core/Inc -I../Drivers/STM32L4xx_HAL_Driver/Inc -I../Drivers/STM32L4xx_HAL_Driver/Inc/Legacy -I../Drivers/CMSIS/Device/ST/STM32L4xx/Include -I../Drivers/CMSIS/Include -I../Middlewares/ST/ARM/DSP/Inc -O0 -ffunction-sections -fdata-sections -Wall -fstack-usage -fcyclomatic-complexity -MMD -MP -MF"Drivers/STM32L4xx_HAL_Driver/Src/stm32l4xx_hal_adc.d" -MT"Drivers/STM32L4xx_HAL_Driver/Src/stm32l4xx_hal_adc.o" --specs=nano.specs -mfpu=fpv4-sp-d16 -mfloat-abi=hard -mthumb -o "Drivers/STM32L4xx_HAL_Driver/Src/stm32l4xx_hal_adc.o"
arm-none-eabi-gcc "../Drivers/STM32L4xx_HAL_Driver/Src/stm32l4xx_hal_adc_ex.c" -mcpu=cortex-m4 -std=gnu11 -g -DDEBUG -DUSE_HAL_DRIVER -DSTM32L4R5xx -c -I../Core/Inc -I../Drivers/STM32L4xx_HAL_Driver/Inc -I../Drivers/STM32L4xx_HAL_Driver/Inc/Legacy -I../Drivers/CMSIS/Device/ST/STM32L4xx/Include -I../Drivers/CMSIS/Include -I../Middlewares/ST/ARM/DSP/Inc -O0 -ffunction-sections -fdata-sections -Wall -fstack-usage -fcyclomatic-complexity -MMD -MP -MF"Drivers/STM32L4xx_HAL_Driver/Src/stm32l4xx_hal_adc_ex.d" -MT"Drivers/STM32L4xx_HAL_Driver/Src/stm32l4xx_hal_adc_ex.o" --specs=nano.specs -mfpu=fpv4-sp-d16 -mfloat-abi=hard -mthumb -o "Drivers/STM32L4xx_HAL_Driver/Src/stm32l4xx_hal_adc_ex.o"
arm-none-eabi-gcc "../Drivers/STM32L4xx_HAL_Driver/Src/stm32l4xx_hal_cortex.c" -mcpu=cortex-m4 -std=gnu11 -g -DDEBUG -DUSE_HAL_DRIVER -DSTM32L4R5xx -c -I../Core/Inc -I../Drivers/STM32L4xx_HAL_Driver/Inc -I../Drivers/STM32L4xx_HAL_Driver/Inc/Legacy -I../Drivers/CMSIS/Device/ST/STM32L4xx/Include -I../Drivers/CMSIS/Include -I../Middlewares/ST/ARM/DSP/Inc -O0 -ffunction-sections -fdata-sections -Wall -fstack-usage -fcyclomatic-complexity -MMD -MP -MF"Drivers/STM32L4xx_HAL_Driver/Src/stm32l4xx_hal_cortex.d" -MT"Drivers/STM32L4xx_HAL_Driver/Src/stm32l4xx_hal_cortex.o" --specs=nano.specs -mfpu=fpv4-sp-d16 -mfloat-abi=hard -mthumb -o "Drivers/STM32L4xx_HAL_Driver/Src/stm32l4xx_hal_cortex.o"
arm-none-eabi-gcc "../Drivers/STM32L4xx_HAL_Driver/Src/stm32l4xx_hal_dac.c" -mcpu=cortex-m4 -std=gnu11 -g -DDEBUG -DUSE_HAL_DRIVER -DSTM32L4R5xx -c -I../Core/Inc -I../Drivers/STM32L4xx_HAL_Driver/Inc -I../Drivers/STM32L4xx_HAL_Driver/Inc/Legacy -I../Drivers/CMSIS/Device/ST/STM32L4xx/Include -I../Drivers/CMSIS/Include -I../Middlewares/ST/ARM/DSP/Inc -O0 -ffunction-sections -fdata-sections -Wall -fstack-usage -fcyclomatic-complexity -MMD -MP -MF"Drivers/STM32L4xx_HAL_Driver/Src/stm32l4xx_hal_dac.d" -MT"Drivers/STM32L4xx_HAL_Driver/Src/stm32l4xx_hal_dac.o" --specs=nano.specs -mfpu=fpv4-sp-d16 -mfloat-abi=hard -mthumb -o "Drivers/STM32L4xx_HAL_Driver/Src/stm32l4xx_hal_dac.o"
arm-none-eabi-gcc "../Drivers/STM32L4xx_HAL_Driver/Src/stm32l4xx_hal_dac_ex.c" -mcpu=cortex-m4 -std=gnu11 -g -DDEBUG -DUSE_HAL_DRIVER -DSTM32L4R5xx -c -I../Core/Inc -I../Drivers/STM32L4xx_HAL_Driver/Inc -I../Drivers/STM32L4xx_HAL_Driver/Inc/Legacy -I../Drivers/CMSIS/Device/ST/STM32L4xx/Include -I../Drivers/CMSIS/Include -I../Middlewares/ST/ARM/DSP/Inc -O0 -ffunction-sections -fdata-sections -Wall -fstack-usage -fcyclomatic-complexity -MMD -MP -MF"Drivers/STM32L4xx_HAL_Driver/Src/stm32l4xx_hal_dac_ex.d" -MT"Drivers/STM32L4xx_HAL_Driver/Src/stm32l4xx_hal_dac_ex.o" --specs=nano.specs -mfpu=fpv4-sp-d16 -mfloat-abi=hard -mthumb -o "Drivers/STM32L4xx_HAL_Driver/Src/stm32l4xx_hal_dac_ex.o"
arm-none-eabi-gcc "../Drivers/STM32L4xx_HAL_Driver/Src/stm32l4xx_hal_dma.c" -mcpu=cortex-m4 -std=gnu11 -g -DDEBUG -DUSE_HAL_DRIVER -DSTM32L4R5xx -c -I../Core/Inc -I../Drivers/STM32L4xx_HAL_Driver/Inc -I../Drivers/STM32L4xx_HAL_Driver/Inc/Legacy -I../Drivers/CMSIS/Device/ST/STM32L4xx/Include -I../Drivers/CMSIS/Include -I../Middlewares/ST/ARM/DSP/Inc -O0 -ffunction-sections -fdata-sections -Wall -fstack-usage -fcyclomatic-complexity -MMD -MP -MF"Drivers/STM32L4xx_HAL_Driver/Src/stm32l4xx_hal_dma.d" -MT"Drivers/STM32L4xx_HAL_Driver/Src/stm32l4xx_hal_dma.o" --specs=nano.specs -mfpu=fpv4-sp-d16 -mfloat-abi=hard -mthumb -o "Drivers/STM32L4xx_HAL_Driver/Src/stm32l4xx_hal_dma.o"
arm-none-eabi-gcc "../Drivers/STM32L4xx_HAL_Driver/Src/stm32l4xx_hal_dma_ex.c" -mcpu=cortex-m4 -std=gnu11 -g -DDEBUG -DUSE_HAL_DRIVER -DSTM32L4R5xx -c -I../Core/Inc -I../Drivers/STM32L4xx_HAL_Driver/Inc -I../Drivers/STM32L4xx_HAL_Driver/Inc/Legacy -I../Drivers/CMSIS/Device/ST/STM32L4xx/Include -I../Drivers/CMSIS/Include -I../Middlewares/ST/ARM/DSP/Inc -O0 -ffunction-sections -fdata-sections -Wall -fstack-usage -fcyclomatic-complexity -MMD -MP -MF"Drivers/STM32L4xx_HAL_Driver/Src/stm32l4xx_hal_dma_ex.d" -MT"Drivers/STM32L4xx_HAL_Driver/Src/stm32l4xx_hal_dma_ex.o" --specs=nano.specs -mfpu=fpv4-sp-d16 -mfloat-abi=hard -mthumb -o "Drivers/STM32L4xx_HAL_Driver/Src/stm32l4xx_hal_dma_ex.o"
arm-none-eabi-gcc "../Drivers/STM32L4xx_HAL_Driver/Src/stm32l4xx_hal_exti.c" -mcpu=cortex-m4 -std=gnu11 -g -DDEBUG -DUSE_HAL_DRIVER -DSTM32L4R5xx -c -I../Core/Inc -I../Drivers/STM32L4xx_HAL_Driver/Inc -I../Drivers/STM32L4xx_HAL_Driver/Inc/Legacy -I../Drivers/CMSIS/Device/ST/STM32L4xx/Include -I../Drivers/CMSIS/Include -I../Middlewares/ST/ARM/DSP/Inc -O0 -ffunction-sections -fdata-sections -Wall -fstack-usage -fcyclomatic-complexity -MMD -MP -MF"Drivers/STM32L4xx_HAL_Driver/Src/stm32l4xx_hal_exti.d" -MT"Drivers/STM32L4xx_HAL_Driver/Src/stm32l4xx_hal_exti.o" --specs=nano.specs -mfpu=fpv4-sp-d16 -mfloat-abi=hard -mthumb -o "Drivers/STM32L4xx_HAL_Driver/Src/stm32l4xx_hal_exti.o"
arm-none-eabi-gcc "../Drivers/STM32L4xx_HAL_Driver/Src/stm32l4xx_hal_flash.c" -mcpu=cortex-m4 -std=gnu11 -g -DDEBUG -DUSE_HAL_DRIVER -DSTM32L4R5xx -c -I../Core/Inc -I../Drivers/STM32L4xx_HAL_Driver/Inc -I../Drivers/STM32L4xx_HAL_Driver/Inc/Legacy -I../Drivers/CMSIS/Device/ST/STM32L4xx/Include -I../Drivers/CMSIS/Include -I../Middlewares/ST/ARM/DSP/Inc -O0 -ffunction-sections -fdata-sections -Wall -fstack-usage -fcyclomatic-complexity -MMD -MP -MF"Drivers/STM32L4xx_HAL_Driver/Src/stm32l4xx_hal_flash.d" -MT"Drivers/STM32L4xx_HAL_Driver/Src/stm32l4xx_hal_flash.o" --specs=nano.specs -mfpu=fpv4-sp-d16 -mfloat-abi=hard -mthumb -o "Drivers/STM32L4xx_HAL_Driver/Src/stm32l4xx_hal_flash.o"
arm-none-eabi-gcc "../Drivers/STM32L4xx_HAL_Driver/Src/stm32l4xx_hal_flash_ex.c" -mcpu=cortex-m4 -std=gnu11 -g -DDEBUG -DUSE_HAL_DRIVER -DSTM32L4R5xx -c -I../Core/Inc -I../Drivers/STM32L4xx_HAL_Driver/Inc -I../Drivers/STM32L4xx_HAL_Driver/Inc/Legacy -I../Drivers/CMSIS/Device/ST/STM32L4xx/Include -I../Drivers/CMSIS/Include -I../Middlewares/ST/ARM/DSP/Inc -O0 -ffunction-sections -fdata-sections -Wall -fstack-usage -fcyclomatic-complexity -MMD -MP -MF"Drivers/STM32L4xx_HAL_Driver/Src/stm32l4xx_hal_flash_ex.d" -MT"Drivers/STM32L4xx_HAL_Driver/Src/stm32l4xx_hal_flash_ex.o" --specs=nano.specs -mfpu=fpv4-sp-d16 -mfloat-abi=hard -mthumb -o "Drivers/STM32L4xx_HAL_Driver/Src/stm32l4xx_hal_flash_ex.o"
arm-none-eabi-gcc "../Drivers/STM32L4xx_HAL_Driver/Src/stm32l4xx_hal_flash_ramfunc.c" -mcpu=cortex-m4 -std=gnu11 -g -DDEBUG -DUSE_HAL_DRIVER -DSTM32L4R5xx -c -I../Core/Inc -I../Drivers/STM32L4xx_HAL_Driver/Inc -I../Drivers/STM32L4xx_HAL_Driver/Inc/Legacy -I../Drivers/CMSIS/Device/ST/STM32L4xx/Include -I../Drivers/CMSIS/Include -I../Middlewares/ST/ARM/DSP/Inc -O0 -ffunction-sections -fdata-sections -Wall -fstack-usage -fcyclomatic-complexity -MMD -MP -MF"Drivers/STM32L4xx_HAL_Driver/Src/stm32l4xx_hal_flash_ramfunc.d" -MT"Drivers/STM32L4xx_HAL_Driver/Src/stm32l4xx_hal_flash_ramfunc.o" --specs=nano.specs -mfpu=fpv4-sp-d16 -mfloat-abi=hard -mthumb -o "Drivers/STM32L4xx_HAL_Driver/Src/stm32l4xx_hal_flash_ramfunc.o"
arm-none-eabi-gcc "../Drivers/STM32L4xx_HAL_Driver/Src/stm32l4xx_hal_gpio.c" -mcpu=cortex-m4 -std=gnu11 -g -DDEBUG -DUSE_HAL_DRIVER -DSTM32L4R5xx -c -I../Core/Inc -I../Drivers/STM32L4xx_HAL_Driver/Inc -I../Drivers/STM32L4xx_HAL_Driver/Inc/Legacy -I../Drivers/CMSIS/Device/ST/STM32L4xx/Include -I../Drivers/CMSIS/Include -I../Middlewares/ST/ARM/DSP/Inc -O0 -ffunction-sections -fdata-sections -Wall -fstack-usage -fcyclomatic-complexity -MMD -MP -MF"Drivers/STM32L4xx_HAL_Driver/Src/stm32l4xx_hal_gpio.d" -MT"Drivers/STM32L4xx_HAL_Driver/Src/stm32l4xx_hal_gpio.o" --specs=nano.specs -mfpu=fpv4-sp-d16 -mfloat-abi=hard -mthumb -o "Drivers/STM32L4xx_HAL_Driver/Src/stm32l4xx_hal_gpio.o"
arm-none-eabi-gcc "../Drivers/STM32L4xx_HAL_Driver/Src/stm32l4xx_hal_i2c.c" -mcpu=cortex-m4 -std=gnu11 -g -DDEBUG -DUSE_HAL_DRIVER -DSTM32L4R5xx -c -I../Core/Inc -I../Drivers/STM32L4xx_HAL_Driver/Inc -I../Drivers/STM32L4xx_HAL_Driver/Inc/Legacy -I../Drivers/CMSIS/Device/ST/STM32L4xx/Include -I../Drivers/CMSIS/Include -I../Middlewares/ST/ARM/DSP/Inc -O0 -ffunction-sections -fdata-sections -Wall -fstack-usage -fcyclomatic-complexity -MMD -MP -MF"Drivers/STM32L4xx_HAL_Driver/Src/stm32l4xx_hal_i2c.d" -MT"Drivers/STM32L4xx_HAL_Driver/Src/stm32l4xx_hal_i2c.o" --specs=nano.specs -mfpu=fpv4-sp-d16 -mfloat-abi=hard -mthumb -o "Drivers/STM32L4xx_HAL_Driver/Src/stm32l4xx_hal_i2c.o"
arm-none-eabi-gcc "../Drivers/STM32L4xx_HAL_Driver/Src/stm32l4xx_hal_i2c_ex.c" -mcpu=cortex-m4 -std=gnu11 -g -DDEBUG -DUSE_HAL_DRIVER -DSTM32L4R5xx -c -I../Core/Inc -I../Drivers/STM32L4xx_HAL_Driver/Inc -I../Drivers/STM32L4xx_HAL_Driver/Inc/Legacy -I../Drivers/CMSIS/Device/ST/STM32L4xx/Include -I../Drivers/CMSIS/Include -I../Middlewares/ST/ARM/DSP/Inc -O0 -ffunction-sections -fdata-sections -Wall -fstack-usage -fcyclomatic-complexity -MMD -MP -MF"Drivers/STM32L4xx_HAL_Driver/Src/stm32l4xx_hal_i2c_ex.d" -MT"Drivers/STM32L4xx_HAL_Driver/Src/stm32l4xx_hal_i2c_ex.o" --specs=nano.specs -mfpu=fpv4-sp-d16 -mfloat-abi=hard -mthumb -o "Drivers/STM32L4xx_HAL_Driver/Src/stm32l4xx_hal_i2c_ex.o"
arm-none-eabi-gcc "../Drivers/STM32L4xx_HAL_Driver/Src/stm32l4xx_hal_pwr.c" -mcpu=cortex-m4 -std=gnu11 -g -DDEBUG -DUSE_HAL_DRIVER -DSTM32L4R5xx -c -I../Core/Inc -I../Drivers/STM32L4xx_HAL_Driver/Inc -I../Drivers/STM32L4xx_HAL_Driver/Inc/Legacy -I../Drivers/CMSIS/Device/ST/STM32L4xx/Include -I../Drivers/CMSIS/Include -I../Middlewares/ST/ARM/DSP/Inc -O0 -ffunction-sections -fdata-sections -Wall -fstack-usage -fcyclomatic-complexity -MMD -MP -MF"Drivers/STM32L4xx_HAL_Driver/Src/stm32l4xx_hal_pwr.d" -MT"Drivers/STM32L4xx_HAL_Driver/Src/stm32l4xx_hal_pwr.o" --specs=nano.specs -mfpu=fpv4-sp-d16 -mfloat-abi=hard -mthumb -o "Drivers/STM32L4xx_HAL_Driver/Src/stm32l4xx_hal_pwr.o"
arm-none-eabi-gcc "../Drivers/STM32L4xx_HAL_Driver/Src/stm32l4xx_hal_pwr_ex.c" -mcpu=cortex-m4 -std=gnu11 -g -DDEBUG -DUSE_HAL_DRIVER -DSTM32L4R5xx -c -I../Core/Inc -I../Drivers/STM32L4xx_HAL_Driver/Inc -I../Drivers/STM32L4xx_HAL_Driver/Inc/Legacy -I../Drivers/CMSIS/Device/ST/STM32L4xx/Include -I../Drivers/CMSIS/Include -I../Middlewares/ST/ARM/DSP/Inc -O0 -ffunction-sections -fdata-sections -Wall -fstack-usage -fcyclomatic-complexity -MMD -MP -MF"Drivers/STM32L4xx_HAL_Driver/Src/stm32l4xx_hal_pwr_ex.d" -MT"Drivers/STM32L4xx_HAL_Driver/Src/stm32l4xx_hal_pwr_ex.o" --specs=nano.specs -mfpu=fpv4-sp-d16 -mfloat-abi=hard -mthumb -o "Drivers/STM32L4xx_HAL_Driver/Src/stm32l4xx_hal_pwr_ex.o"
arm-none-eabi-gcc "../Drivers/STM32L4xx_HAL_Driver/Src/stm32l4xx_hal_rcc.c" -mcpu=cortex-m4 -std=gnu11 -g -DDEBUG -DUSE_HAL_DRIVER -DSTM32L4R5xx -c -I../Core/Inc -I../Drivers/STM32L4xx_HAL_Driver/Inc -I../Drivers/STM32L4xx_HAL_Driver/Inc/Legacy -I../Drivers/CMSIS/Device/ST/STM32L4xx/Include -I../Drivers/CMSIS/Include -I../Middlewares/ST/ARM/DSP/Inc -O0 -ffunction-sections -fdata-sections -Wall -fstack-usage -fcyclomatic-complexity -MMD -MP -MF"Drivers/STM32L4xx_HAL_Driver/Src/stm32l4xx_hal_rcc.d" -MT"Drivers/STM32L4xx_HAL_Driver/Src/stm32l4xx_hal_rcc.o" --specs=nano.specs -mfpu=fpv4-sp-d16 -mfloat-abi=hard -mthumb -o "Drivers/STM32L4xx_HAL_Driver/Src/stm32l4xx_hal_rcc.o"
arm-none-eabi-gcc "../Drivers/STM32L4xx_HAL_Driver/Src/stm32l4xx_hal_rcc_ex.c" -mcpu=cortex-m4 -std=gnu11 -g -DDEBUG -DUSE_HAL_DRIVER -DSTM32L4R5xx -c -I../Core/Inc -I../Drivers/STM32L4xx_HAL_Driver/Inc -I../Drivers/STM32L4xx_HAL_Driver/Inc/Legacy -I../Drivers/CMSIS/Device/ST/STM32L4xx/Include -I../Drivers/CMSIS/Include -I../Middlewares/ST/ARM/DSP/Inc -O0 -ffunction-sections -fdata-sections -Wall -fstack-usage -fcyclomatic-complexity -MMD -MP -MF"Drivers/STM32L4xx_HAL_Driver/Src/stm32l4xx_hal_rcc_ex.d" -MT"Drivers/STM32L4xx_HAL_Driver/Src/stm32l4xx_hal_rcc_ex.o" --specs=nano.specs -mfpu=fpv4-sp-d16 -mfloat-abi=hard -mthumb -o "Drivers/STM32L4xx_HAL_Driver/Src/stm32l4xx_hal_rcc_ex.o"
arm-none-eabi-gcc "../Drivers/STM32L4xx_HAL_Driver/Src/stm32l4xx_hal_sai.c" -mcpu=cortex-m4 -std=gnu11 -g -DDEBUG -DUSE_HAL_DRIVER -DSTM32L4R5xx -c -I../Core/Inc -I../Drivers/STM32L4xx_HAL_Driver/Inc -I../Drivers/STM32L4xx_HAL_Driver/Inc/Legacy -I../Drivers/CMSIS/Device/ST/STM32L4xx/Include -I../Drivers/CMSIS/Include -I../Middlewares/ST/ARM/DSP/Inc -O0 -ffunction-sections -fdata-sections -Wall -fstack-usage -fcyclomatic-complexity -MMD -MP -MF"Drivers/STM32L4xx_HAL_Driver/Src/stm32l4xx_hal_sai.d" -MT"Drivers/STM32L4xx_HAL_Driver/Src/stm32l4xx_hal_sai.o" --specs=nano.specs -mfpu=fpv4-sp-d16 -mfloat-abi=hard -mthumb -o "Drivers/STM32L4xx_HAL_Driver/Src/stm32l4xx_hal_sai.o"
arm-none-eabi-gcc "../Drivers/STM32L4xx_HAL_Driver/Src/stm32l4xx_hal_sai_ex.c" -mcpu=cortex-m4 -std=gnu11 -g -DDEBUG -DUSE_HAL_DRIVER -DSTM32L4R5xx -c -I../Core/Inc -I../Drivers/STM32L4xx_HAL_Driver/Inc -I../Drivers/STM32L4xx_HAL_Driver/Inc/Legacy -I../Drivers/CMSIS/Device/ST/STM32L4xx/Include -I../Drivers/CMSIS/Include -I../Middlewares/ST/ARM/DSP/Inc -O0 -ffunction-sections -fdata-sections -Wall -fstack-usage -fcyclomatic-complexity -MMD -MP -MF"Drivers/STM32L4xx_HAL_Driver/Src/stm32l4xx_hal_sai_ex.d" -MT"Drivers/STM32L4xx_HAL_Driver/Src/stm32l4xx_hal_sai_ex.o" --specs=nano.specs -mfpu=fpv4-sp-d16 -mfloat-abi=hard -mthumb -o "Drivers/STM32L4xx_HAL_Driver/Src/stm32l4xx_hal_sai_ex.o"
arm-none-eabi-gcc "../Drivers/STM32L4xx_HAL_Driver/Src/stm32l4xx_hal_tim.c" -mcpu=cortex-m4 -std=gnu11 -g -DDEBUG -DUSE_HAL_DRIVER -DSTM32L4R5xx -c -I../Core/Inc -I../Drivers/STM32L4xx_HAL_Driver/Inc -I../Drivers/STM32L4xx_HAL_Driver/Inc/Legacy -I../Drivers/CMSIS/Device/ST/STM32L4xx/Include -I../Drivers/CMSIS/Include -I../Middlewares/ST/ARM/DSP/Inc -O0 -ffunction-sections -fdata-sections -Wall -fstack-usage -fcyclomatic-complexity -MMD -MP -MF"Drivers/STM32L4xx_HAL_Driver/Src/stm32l4xx_hal_tim.d" -MT"Drivers/STM32L4xx_HAL_Driver/Src/stm32l4xx_hal_tim.o" --specs=nano.specs -mfpu=fpv4-sp-d16 -mfloat-abi=hard -mthumb -o "Drivers/STM32L4xx_HAL_Driver/Src/stm32l4xx_hal_tim.o"
arm-none-eabi-gcc "../Drivers/STM32L4xx_HAL_Driver/Src/stm32l4xx_hal_tim_ex.c" -mcpu=cortex-m4 -std=gnu11 -g -DDEBUG -DUSE_HAL_DRIVER -DSTM32L4R5xx -c -I../Core/Inc -I../Drivers/STM32L4xx_HAL_Driver/Inc -I../Drivers/STM32L4xx_HAL_Driver/Inc/Legacy -I../Drivers/CMSIS/Device/ST/STM32L4xx/Include -I../Drivers/CMSIS/Include -I../Middlewares/ST/ARM/DSP/Inc -O0 -ffunction-sections -fdata-sections -Wall -fstack-usage -fcyclomatic-complexity -MMD -MP -MF"Drivers/STM32L4xx_HAL_Driver/Src/stm32l4xx_hal_tim_ex.d" -MT"Drivers/STM32L4xx_HAL_Driver/Src/stm32l4xx_hal_tim_ex.o" --specs=nano.specs -mfpu=fpv4-sp-d16 -mfloat-abi=hard -mthumb -o "Drivers/STM32L4xx_HAL_Driver/Src/stm32l4xx_hal_tim_ex.o"
arm-none-eabi-gcc "../Drivers/STM32L4xx_HAL_Driver/Src/stm32l4xx_hal_uart.c" -mcpu=cortex-m4 -std=gnu11 -g -DDEBUG -DUSE_HAL_DRIVER -DSTM32L4R5xx -c -I../Core/Inc -I../Drivers/STM32L4xx_HAL_Driver/Inc -I../Drivers/STM32L4xx_HAL_Driver/Inc/Legacy -I../Drivers/CMSIS/Device/ST/STM32L4xx/Include -I../Drivers/CMSIS/Include -I../Middlewares/ST/ARM/DSP/Inc -O0 -ffunction-sections -fdata-sections -Wall -fstack-usage -fcyclomatic-complexity -MMD -MP -MF"Drivers/STM32L4xx_HAL_Driver/Src/stm32l4xx_hal_uart.d" -MT"Drivers/STM32L4xx_HAL_Driver/Src/stm32l4xx_hal_uart.o" --specs=nano.specs -mfpu=fpv4-sp-d16 -mfloat-abi=hard -mthumb -o "Drivers/STM32L4xx_HAL_Driver/Src/stm32l4xx_hal_uart.o"
arm-none-eabi-gcc "../Drivers/STM32L4xx_HAL_Driver/Src/stm32l4xx_hal_uart_ex.c" -mcpu=cortex-m4 -std=gnu11 -g -DDEBUG -DUSE_HAL_DRIVER -DSTM32L4R5xx -c -I../Core/Inc -I../Drivers/STM32L4xx_HAL_Driver/Inc -I../Drivers/STM32L4xx_HAL_Driver/Inc/Legacy -I../Drivers/CMSIS/Device/ST/STM32L4xx/Include -I../Drivers/CMSIS/Include -I../Middlewares/ST/ARM/DSP/Inc -O0 -ffunction-sections -fdata-sections -Wall -fstack-usage -fcyclomatic-complexity -MMD -MP -MF"Drivers/STM32L4xx_HAL_Driver/Src/stm32l4xx_hal_uart_ex.d" -MT"Drivers/STM32L4xx_HAL_Driver/Src/stm32l4xx_hal_uart_ex.o" --specs=nano.specs -mfpu=fpv4-sp-d16 -mfloat-abi=hard -mthumb -o "Drivers/STM32L4xx_HAL_Driver/Src/stm32l4xx_hal_uart_ex.o"
arm-none-eabi-gcc -mcpu=cortex-m4 -g -DDEBUG -c -x assembler-with-cpp -MMD -MP -MF"Core/Startup/startup_stm32l4r5zitxp.d" -MT"Core/Startup/startup_stm32l4r5zitxp.o" --specs=nano.specs -mfpu=fpv4-sp-d16 -mfloat-abi=hard -mthumb -o "Core/Startup/startup_stm32l4r5zitxp.o" "../Core/Startup/startup_stm32l4r5zitxp.s"
arm-none-eabi-gcc "../Core/Src/main.c" -mcpu=cortex-m4 -std=gnu11 -g -DDEBUG -DUSE_HAL_DRIVER -DSTM32L4R5xx -c -I../Core/Inc -I../Drivers/STM32L4xx_HAL_Driver/Inc -I../Drivers/STM32L4xx_HAL_Driver/Inc/Legacy -I../Drivers/CMSIS/Device/ST/STM32L4xx/Include -I../Drivers/CMSIS/Include -I../Middlewares/ST/ARM/DSP/Inc -O0 -ffunction-sections -fdata-sections -Wall -fstack-usage -fcyclomatic-complexity -MMD -MP -MF"Core/Src/main.d" -MT"Core/Src/main.o" --specs=nano.specs -mfpu=fpv4-sp-d16 -mfloat-abi=hard -mthumb -o "Core/Src/main.o"
arm-none-eabi-gcc "../Core/Src/stm32l4xx_hal_msp.c" -mcpu=cortex-m4 -std=gnu11 -g -DDEBUG -DUSE_HAL_DRIVER -DSTM32L4R5xx -c -I../Core/Inc -I../Drivers/STM32L4xx_HAL_Driver/Inc -I../Drivers/STM32L4xx_HAL_Driver/Inc/Legacy -I../Drivers/CMSIS/Device/ST/STM32L4xx/Include -I../Drivers/CMSIS/Include -I../Middlewares/ST/ARM/DSP/Inc -O0 -ffunction-sections -fdata-sections -Wall -fstack-usage -fcyclomatic-complexity -MMD -MP -MF"Core/Src/stm32l4xx_hal_msp.d" -MT"Core/Src/stm32l4xx_hal_msp.o" --specs=nano.specs -mfpu=fpv4-sp-d16 -mfloat-abi=hard -mthumb -o "Core/Src/stm32l4xx_hal_msp.o"
arm-none-eabi-gcc "../Core/Src/stm32l4xx_it.c" -mcpu=cortex-m4 -std=gnu11 -g -DDEBUG -DUSE_HAL_DRIVER -DSTM32L4R5xx -c -I../Core/Inc -I../Drivers/STM32L4xx_HAL_Driver/Inc -I../Drivers/STM32L4xx_HAL_Driver/Inc/Legacy -I../Drivers/CMSIS/Device/ST/STM32L4xx/Include -I../Drivers/CMSIS/Include -I../Middlewares/ST/ARM/DSP/Inc -O0 -ffunction-sections -fdata-sections -Wall -fstack-usage -fcyclomatic-complexity -MMD -MP -MF"Core/Src/stm32l4xx_it.d" -MT"Core/Src/stm32l4xx_it.o" --specs=nano.specs -mfpu=fpv4-sp-d16 -mfloat-abi=hard -mthumb -o "Core/Src/stm32l4xx_it.o"
arm-none-eabi-gcc "../Core/Src/syscalls.c" -mcpu=cortex-m4 -std=gnu11 -g -DDEBUG -DUSE_HAL_DRIVER -DSTM32L4R5xx -c -I../Core/Inc -I../Drivers/STM32L4xx_HAL_Driver/Inc -I../Drivers/STM32L4xx_HAL_Driver/Inc/Legacy -I../Drivers/CMSIS/Device/ST/STM32L4xx/Include -I../Drivers/CMSIS/Include -I../Middlewares/ST/ARM/DSP/Inc -O0 -ffunction-sections -fdata-sections -Wall -fstack-usage -fcyclomatic-complexity -MMD -MP -MF"Core/Src/syscalls.d" -MT"Core/Src/syscalls.o" --specs=nano.specs -mfpu=fpv4-sp-d16 -mfloat-abi=hard -mthumb -o "Core/Src/syscalls.o"
arm-none-eabi-gcc "../Core/Src/sysmem.c" -mcpu=cortex-m4 -std=gnu11 -g -DDEBUG -DUSE_HAL_DRIVER -DSTM32L4R5xx -c -I../Core/Inc -I../Drivers/STM32L4xx_HAL_Driver/Inc -I../Drivers/STM32L4xx_HAL_Driver/Inc/Legacy -I../Drivers/CMSIS/Device/ST/STM32L4xx/Include -I../Drivers/CMSIS/Include -I../Middlewares/ST/ARM/DSP/Inc -O0 -ffunction-sections -fdata-sections -Wall -fstack-usage -fcyclomatic-complexity -MMD -MP -MF"Core/Src/sysmem.d" -MT"Core/Src/sysmem.o" --specs=nano.specs -mfpu=fpv4-sp-d16 -mfloat-abi=hard -mthumb -o "Core/Src/sysmem.o"
arm-none-eabi-gcc "../Core/Src/system_stm32l4xx.c" -mcpu=cortex-m4 -std=gnu11 -g -DDEBUG -DUSE_HAL_DRIVER -DSTM32L4R5xx -c -I../Core/Inc -I../Drivers/STM32L4xx_HAL_Driver/Inc -I../Drivers/STM32L4xx_HAL_Driver/Inc/Legacy -I../Drivers/CMSIS/Device/ST/STM32L4xx/Include -I../Drivers/CMSIS/Include -I../Middlewares/ST/ARM/DSP/Inc -O0 -ffunction-sections -fdata-sections -Wall -fstack-usage -fcyclomatic-complexity -MMD -MP -MF"Core/Src/system_stm32l4xx.d" -MT"Core/Src/system_stm32l4xx.o" --specs=nano.specs -mfpu=fpv4-sp-d16 -mfloat-abi=hard -mthumb -o "Core/Src/system_stm32l4xx.o"
../Core/Src/main.c:65:10: warning: type defaults to 'int' in declaration of 'convFlag' [-Wimplicit-int]
   65 | volatile convFlag;
      |          ^~~~~~~~
../Core/Src/main.c: In function 'maxIndex':
../Core/Src/main.c:101:47: warning: passing argument 3 of 'arm_max_f32' from incompatible pointer type [-Wincompatible-pointer-types]
  101 |                 arm_max_f32(fftStart, length, &maxVal, &maxInd);
      |                                               ^~~~~~~
      |                                               |
      |                                               int *
In file included from ../Core/Src/main.c:26:
../Core/Inc/arm_math.h:6543:15: note: expected 'float32_t *' {aka 'float *'} but argument is of type 'int *'
 6543 |   float32_t * pResult,
      |   ~~~~~~~~~~~~^~~~~~~
../Core/Src/main.c:101:56: warning: passing argument 4 of 'arm_max_f32' from incompatible pointer type [-Wincompatible-pointer-types]
  101 |                 arm_max_f32(fftStart, length, &maxVal, &maxInd);
      |                                                        ^~~~~~~
      |                                                        |
      |                                                        int *
In file included from ../Core/Src/main.c:26:
../Core/Inc/arm_math.h:6544:14: note: expected 'uint32_t *' {aka 'long unsigned int *'} but argument is of type 'int *'
 6544 |   uint32_t * pIndex);
      |   ~~~~~~~~~~~^~~~~~
../Core/Src/main.c: In function 'main':
../Core/Src/main.c:177:37: warning: passing argument 2 of 'HAL_ADC_Start_DMA' from incompatible pointer type [-Wincompatible-pointer-types]
  177 |           HAL_ADC_Start_DMA(&hadc1, (uint16_t *) &ADC_BUFFER, BUFFER_LENGTH);
      |                                     ^~~~~~~~~~~~~~~~~~~~~~~~
      |                                     |
      |                                     uint16_t * {aka short unsigned int *}
In file included from ../Core/Inc/stm32l4xx_hal_conf.h:278,
                 from ../Drivers/STM32L4xx_HAL_Driver/Inc/stm32l4xx_hal.h:29,
                 from ../Core/Inc/main.h:30,
                 from ../Core/Src/main.c:20:
../Drivers/STM32L4xx_HAL_Driver/Inc/stm32l4xx_hal_adc.h:1945:78: note: expected 'uint32_t *' {aka 'long unsigned int *'} but argument is of type 'uint16_t *' {aka 'short unsigned int *'}
 1945 | HAL_StatusTypeDef       HAL_ADC_Start_DMA(ADC_HandleTypeDef *hadc, uint32_t *pData, uint32_t Length);
      |                                                                    ~~~~~~~~~~^~~~~
../Core/Src/main.c:196:42: warning: passing argument 2 of 'arm_rfft_fast_f32' from incompatible pointer type [-Wincompatible-pointer-types]
  196 |           arm_rfft_fast_f32(&fftHandler, &FFT_IN, &FFT_OUT, 0);
      |                                          ^~~~~~~
      |                                          |
      |                                          float32_t (*)[4096] {aka float (*)[4096]}
In file included from ../Core/Src/main.c:26:
../Core/Inc/arm_math.h:2251:15: note: expected 'float32_t *' {aka 'float *'} but argument is of type 'float32_t (*)[4096]' {aka 'float (*)[4096]'}
 2251 |   float32_t * p, float32_t * pOut,
      |   ~~~~~~~~~~~~^
../Core/Src/main.c:196:51: warning: passing argument 3 of 'arm_rfft_fast_f32' from incompatible pointer type [-Wincompatible-pointer-types]
  196 |           arm_rfft_fast_f32(&fftHandler, &FFT_IN, &FFT_OUT, 0);
      |                                                   ^~~~~~~~
      |                                                   |
      |                                                   float32_t (*)[4096] {aka float (*)[4096]}
In file included from ../Core/Src/main.c:26:
../Core/Inc/arm_math.h:2251:30: note: expected 'float32_t *' {aka 'float *'} but argument is of type 'float32_t (*)[4096]' {aka 'float (*)[4096]'}
 2251 |   float32_t * p, float32_t * pOut,
      |                  ~~~~~~~~~~~~^~~~
../Core/Src/main.c:215:31: warning: passing argument 2 of 'maxIndex' from incompatible pointer type [-Wincompatible-pointer-types]
  215 |           maxIndex(&FFT_M[0], &maxInd, 50, 450);
      |                               ^~~~~~~
      |                               |
      |                               uint32_t (*)[8] {aka long unsigned int (*)[8]}
../Core/Src/main.c:93:48: note: expected 'uint32_t *' {aka 'long unsigned int *'} but argument is of type 'uint32_t (*)[8]' {aka 'long unsigned int (*)[8]'}
   93 | void maxIndex(float32_t * fftStart, uint32_t * maxIndices, int start, int length) {
      |                                     ~~~~~~~~~~~^~~~~~~~~~
../Core/Src/main.c:226:21: warning: unused variable 'freq_at_max' [-Wunused-variable]
  226 |           float32_t freq_at_max = minInd * freq_resolution;
      |                     ^~~~~~~~~~~
../Core/Src/main.c:218:21: warning: unused variable 'minInd_Val' [-Wunused-variable]
  218 |           float32_t minInd_Val = FFT_MAG[minInd];
      |                     ^~~~~~~~~~
../Core/Src/main.c:124:19: warning: unused variable 'measured_freqs' [-Wunused-variable]
  124 |         float32_t measured_freqs[6];
      |                   ^~~~~~~~~~~~~~
../Core/Src/main.c:123:19: warning: unused variable 'string_freqs' [-Wunused-variable]
  123 |         float32_t string_freqs[6] = {329.63, 246.94, 196.0, 146.83, 110.0, 82.41};
      |                   ^~~~~~~~~~~~
arm-none-eabi-gcc -o "lab7.elf" @"objects.list"  -l:libarm_cortexM4lf_math.a -mcpu=cortex-m4 -T"C:\Users\nates\OneDrive\Documents\EECS373\polyphonic-guitar-tuner\lab7\STM32L4R5ZITXP_FLASH.ld" --specs=nosys.specs -Wl,-Map="lab7.map" -Wl,--gc-sections -static -L../Middlewares/ST/ARM/DSP/Lib --specs=nano.specs -mfpu=fpv4-sp-d16 -mfloat-abi=hard -mthumb -Wl,--start-group -lc -lm -Wl,--end-group
Finished building target: lab7.elf
 
arm-none-eabi-size  lab7.elf 
arm-none-eabi-objdump -h -S lab7.elf  > "lab7.list"
   text	   data	    bss	    dec	    hex	filename
 117772	    100	   2508	 120380	  1d63c	lab7.elf
Finished building: default.size.stdout
 
Finished building: lab7.list
 
17:51:33 **** Incremental Build of configuration Debug for project lab7 ****
make -j12 all 
arm-none-eabi-size  lab7.elf 
   text	   data	    bss	    dec	    hex	filename
 117772	    100	   2508	 120380	  1d63c	lab7.elf
Finished building: default.size.stdout
 
17:59:44 **** Incremental Build of configuration Debug for project lab7 ****
make -j12 all 
arm-none-eabi-gcc "../Core/Src/main.c" -mcpu=cortex-m4 -std=gnu11 -g -DDEBUG -DUSE_HAL_DRIVER -DSTM32L4R5xx -c -I../Core/Inc -I../Drivers/STM32L4xx_HAL_Driver/Inc -I../Drivers/STM32L4xx_HAL_Driver/Inc/Legacy -I../Drivers/CMSIS/Device/ST/STM32L4xx/Include -I../Drivers/CMSIS/Include -I../Middlewares/ST/ARM/DSP/Inc -O0 -ffunction-sections -fdata-sections -Wall -fstack-usage -fcyclomatic-complexity -MMD -MP -MF"Core/Src/main.d" -MT"Core/Src/main.o" --specs=nano.specs -mfpu=fpv4-sp-d16 -mfloat-abi=hard -mthumb -o "Core/Src/main.o"
../Core/Src/main.c:65:10: warning: type defaults to 'int' in declaration of 'convFlag' [-Wimplicit-int]
   65 | volatile convFlag;
      |          ^~~~~~~~
../Core/Src/main.c: In function 'maxIndex':
../Core/Src/main.c:101:47: warning: passing argument 3 of 'arm_max_f32' from incompatible pointer type [-Wincompatible-pointer-types]
  101 |                 arm_max_f32(fftStart, length, &maxVal, &maxInd);
      |                                               ^~~~~~~
      |                                               |
      |                                               int *
In file included from ../Core/Src/main.c:26:
../Core/Inc/arm_math.h:6543:15: note: expected 'float32_t *' {aka 'float *'} but argument is of type 'int *'
 6543 |   float32_t * pResult,
      |   ~~~~~~~~~~~~^~~~~~~
../Core/Src/main.c:101:56: warning: passing argument 4 of 'arm_max_f32' from incompatible pointer type [-Wincompatible-pointer-types]
  101 |                 arm_max_f32(fftStart, length, &maxVal, &maxInd);
      |                                                        ^~~~~~~
      |                                                        |
      |                                                        int *
In file included from ../Core/Src/main.c:26:
../Core/Inc/arm_math.h:6544:14: note: expected 'uint32_t *' {aka 'long unsigned int *'} but argument is of type 'int *'
 6544 |   uint32_t * pIndex);
      |   ~~~~~~~~~~~^~~~~~
../Core/Src/main.c: In function 'main':
../Core/Src/main.c:177:37: warning: passing argument 2 of 'HAL_ADC_Start_DMA' from incompatible pointer type [-Wincompatible-pointer-types]
  177 |           HAL_ADC_Start_DMA(&hadc1, (uint16_t *) &ADC_BUFFER, BUFFER_LENGTH);
      |                                     ^~~~~~~~~~~~~~~~~~~~~~~~
      |                                     |
      |                                     uint16_t * {aka short unsigned int *}
In file included from ../Core/Inc/stm32l4xx_hal_conf.h:278,
                 from ../Drivers/STM32L4xx_HAL_Driver/Inc/stm32l4xx_hal.h:29,
                 from ../Core/Inc/main.h:30,
                 from ../Core/Src/main.c:20:
../Drivers/STM32L4xx_HAL_Driver/Inc/stm32l4xx_hal_adc.h:1945:78: note: expected 'uint32_t *' {aka 'long unsigned int *'} but argument is of type 'uint16_t *' {aka 'short unsigned int *'}
 1945 | HAL_StatusTypeDef       HAL_ADC_Start_DMA(ADC_HandleTypeDef *hadc, uint32_t *pData, uint32_t Length);
      |                                                                    ~~~~~~~~~~^~~~~
../Core/Src/main.c:196:42: warning: passing argument 2 of 'arm_rfft_fast_f32' from incompatible pointer type [-Wincompatible-pointer-types]
  196 |           arm_rfft_fast_f32(&fftHandler, &FFT_IN, &FFT_OUT, 0);
      |                                          ^~~~~~~
      |                                          |
      |                                          float32_t (*)[4096] {aka float (*)[4096]}
In file included from ../Core/Src/main.c:26:
../Core/Inc/arm_math.h:2251:15: note: expected 'float32_t *' {aka 'float *'} but argument is of type 'float32_t (*)[4096]' {aka 'float (*)[4096]'}
 2251 |   float32_t * p, float32_t * pOut,
      |   ~~~~~~~~~~~~^
../Core/Src/main.c:196:51: warning: passing argument 3 of 'arm_rfft_fast_f32' from incompatible pointer type [-Wincompatible-pointer-types]
  196 |           arm_rfft_fast_f32(&fftHandler, &FFT_IN, &FFT_OUT, 0);
      |                                                   ^~~~~~~~
      |                                                   |
      |                                                   float32_t (*)[4096] {aka float (*)[4096]}
In file included from ../Core/Src/main.c:26:
../Core/Inc/arm_math.h:2251:30: note: expected 'float32_t *' {aka 'float *'} but argument is of type 'float32_t (*)[4096]' {aka 'float (*)[4096]'}
 2251 |   float32_t * p, float32_t * pOut,
      |                  ~~~~~~~~~~~~^~~~
../Core/Src/main.c:215:31: warning: passing argument 2 of 'maxIndex' from incompatible pointer type [-Wincompatible-pointer-types]
  215 |           maxIndex(&FFT_M[0], &maxInd, 50, 450);
      |                               ^~~~~~~
      |                               |
      |                               uint32_t (*)[8] {aka long unsigned int (*)[8]}
../Core/Src/main.c:93:48: note: expected 'uint32_t *' {aka 'long unsigned int *'} but argument is of type 'uint32_t (*)[8]' {aka 'long unsigned int (*)[8]'}
   93 | void maxIndex(float32_t * fftStart, uint32_t * maxIndices, int start, int length) {
      |                                     ~~~~~~~~~~~^~~~~~~~~~
../Core/Src/main.c:226:21: warning: unused variable 'freq_at_max' [-Wunused-variable]
  226 |           float32_t freq_at_max = minInd * freq_resolution;
      |                     ^~~~~~~~~~~
../Core/Src/main.c:218:21: warning: unused variable 'minInd_Val' [-Wunused-variable]
  218 |           float32_t minInd_Val = FFT_MAG[minInd];
      |                     ^~~~~~~~~~
../Core/Src/main.c:124:19: warning: unused variable 'measured_freqs' [-Wunused-variable]
  124 |         float32_t measured_freqs[6];
      |                   ^~~~~~~~~~~~~~
../Core/Src/main.c:123:19: warning: unused variable 'string_freqs' [-Wunused-variable]
  123 |         float32_t string_freqs[6] = {329.63, 246.94, 196.0, 146.83, 110.0, 82.41};
      |                   ^~~~~~~~~~~~
arm-none-eabi-gcc -o "lab7.elf" @"objects.list"  -l:libarm_cortexM4lf_math.a -mcpu=cortex-m4 -T"C:\Users\nates\OneDrive\Documents\EECS373\polyphonic-guitar-tuner\lab7\STM32L4R5ZITXP_FLASH.ld" --specs=nosys.specs -Wl,-Map="lab7.map" -Wl,--gc-sections -static -L../Middlewares/ST/ARM/DSP/Lib --specs=nano.specs -mfpu=fpv4-sp-d16 -mfloat-abi=hard -mthumb -Wl,--start-group -lc -lm -Wl,--end-group
Finished building target: lab7.elf
 
arm-none-eabi-size  lab7.elf 
arm-none-eabi-objdump -h -S lab7.elf  > "lab7.list"
   text	   data	    bss	    dec	    hex	filename
 117760	    100	   2508	 120368	  1d630	lab7.elf
Finished building: default.size.stdout
 
Finished building: lab7.list
 
18:07:07 **** Incremental Build of configuration Debug for project lab7 ****
make -j12 all 
arm-none-eabi-gcc "../Core/Src/main.c" -mcpu=cortex-m4 -std=gnu11 -g -DDEBUG -DUSE_HAL_DRIVER -DSTM32L4R5xx -c -I../Core/Inc -I../Drivers/STM32L4xx_HAL_Driver/Inc -I../Drivers/STM32L4xx_HAL_Driver/Inc/Legacy -I../Drivers/CMSIS/Device/ST/STM32L4xx/Include -I../Drivers/CMSIS/Include -I../Middlewares/ST/ARM/DSP/Inc -O0 -ffunction-sections -fdata-sections -Wall -fstack-usage -fcyclomatic-complexity -MMD -MP -MF"Core/Src/main.d" -MT"Core/Src/main.o" --specs=nano.specs -mfpu=fpv4-sp-d16 -mfloat-abi=hard -mthumb -o "Core/Src/main.o"
../Core/Src/main.c:65:10: warning: type defaults to 'int' in declaration of 'convFlag' [-Wimplicit-int]
   65 | volatile convFlag;
      |          ^~~~~~~~
../Core/Src/main.c: In function 'maxIndex':
../Core/Src/main.c:101:47: warning: passing argument 3 of 'arm_max_f32' from incompatible pointer type [-Wincompatible-pointer-types]
  101 |                 arm_max_f32(fftStart, length, &maxVal, &maxInd);
      |                                               ^~~~~~~
      |                                               |
      |                                               int *
In file included from ../Core/Src/main.c:26:
../Core/Inc/arm_math.h:6543:15: note: expected 'float32_t *' {aka 'float *'} but argument is of type 'int *'
 6543 |   float32_t * pResult,
      |   ~~~~~~~~~~~~^~~~~~~
../Core/Src/main.c:101:56: warning: passing argument 4 of 'arm_max_f32' from incompatible pointer type [-Wincompatible-pointer-types]
  101 |                 arm_max_f32(fftStart, length, &maxVal, &maxInd);
      |                                                        ^~~~~~~
      |                                                        |
      |                                                        int *
In file included from ../Core/Src/main.c:26:
../Core/Inc/arm_math.h:6544:14: note: expected 'uint32_t *' {aka 'long unsigned int *'} but argument is of type 'int *'
 6544 |   uint32_t * pIndex);
      |   ~~~~~~~~~~~^~~~~~
../Core/Src/main.c: In function 'main':
../Core/Src/main.c:177:37: warning: passing argument 2 of 'HAL_ADC_Start_DMA' from incompatible pointer type [-Wincompatible-pointer-types]
  177 |           HAL_ADC_Start_DMA(&hadc1, (uint16_t *) &ADC_BUFFER, BUFFER_LENGTH);
      |                                     ^~~~~~~~~~~~~~~~~~~~~~~~
      |                                     |
      |                                     uint16_t * {aka short unsigned int *}
In file included from ../Core/Inc/stm32l4xx_hal_conf.h:278,
                 from ../Drivers/STM32L4xx_HAL_Driver/Inc/stm32l4xx_hal.h:29,
                 from ../Core/Inc/main.h:30,
                 from ../Core/Src/main.c:20:
../Drivers/STM32L4xx_HAL_Driver/Inc/stm32l4xx_hal_adc.h:1945:78: note: expected 'uint32_t *' {aka 'long unsigned int *'} but argument is of type 'uint16_t *' {aka 'short unsigned int *'}
 1945 | HAL_StatusTypeDef       HAL_ADC_Start_DMA(ADC_HandleTypeDef *hadc, uint32_t *pData, uint32_t Length);
      |                                                                    ~~~~~~~~~~^~~~~
../Core/Src/main.c:196:42: warning: passing argument 2 of 'arm_rfft_fast_f32' from incompatible pointer type [-Wincompatible-pointer-types]
  196 |           arm_rfft_fast_f32(&fftHandler, &FFT_IN, &FFT_OUT, 0);
      |                                          ^~~~~~~
      |                                          |
      |                                          float32_t (*)[4096] {aka float (*)[4096]}
In file included from ../Core/Src/main.c:26:
../Core/Inc/arm_math.h:2251:15: note: expected 'float32_t *' {aka 'float *'} but argument is of type 'float32_t (*)[4096]' {aka 'float (*)[4096]'}
 2251 |   float32_t * p, float32_t * pOut,
      |   ~~~~~~~~~~~~^
../Core/Src/main.c:196:51: warning: passing argument 3 of 'arm_rfft_fast_f32' from incompatible pointer type [-Wincompatible-pointer-types]
  196 |           arm_rfft_fast_f32(&fftHandler, &FFT_IN, &FFT_OUT, 0);
      |                                                   ^~~~~~~~
      |                                                   |
      |                                                   float32_t (*)[4096] {aka float (*)[4096]}
In file included from ../Core/Src/main.c:26:
../Core/Inc/arm_math.h:2251:30: note: expected 'float32_t *' {aka 'float *'} but argument is of type 'float32_t (*)[4096]' {aka 'float (*)[4096]'}
 2251 |   float32_t * p, float32_t * pOut,
      |                  ~~~~~~~~~~~~^~~~
../Core/Src/main.c:215:31: warning: passing argument 2 of 'maxIndex' from incompatible pointer type [-Wincompatible-pointer-types]
  215 |           maxIndex(&FFT_M[0], &maxInd, 50, 450);
      |                               ^~~~~~~
      |                               |
      |                               uint32_t (*)[8] {aka long unsigned int (*)[8]}
../Core/Src/main.c:93:48: note: expected 'uint32_t *' {aka 'long unsigned int *'} but argument is of type 'uint32_t (*)[8]' {aka 'long unsigned int (*)[8]'}
   93 | void maxIndex(float32_t * fftStart, uint32_t * maxIndices, int start, int length) {
      |                                     ~~~~~~~~~~~^~~~~~~~~~
../Core/Src/main.c:226:21: warning: unused variable 'freq_at_max' [-Wunused-variable]
  226 |           float32_t freq_at_max = minInd * freq_resolution;
      |                     ^~~~~~~~~~~
../Core/Src/main.c:218:21: warning: unused variable 'minInd_Val' [-Wunused-variable]
  218 |           float32_t minInd_Val = FFT_MAG[minInd];
      |                     ^~~~~~~~~~
../Core/Src/main.c:124:19: warning: unused variable 'measured_freqs' [-Wunused-variable]
  124 |         float32_t measured_freqs[6];
      |                   ^~~~~~~~~~~~~~
../Core/Src/main.c:123:19: warning: unused variable 'string_freqs' [-Wunused-variable]
  123 |         float32_t string_freqs[6] = {329.63, 246.94, 196.0, 146.83, 110.0, 82.41};
      |                   ^~~~~~~~~~~~
arm-none-eabi-gcc -o "lab7.elf" @"objects.list"  -l:libarm_cortexM4lf_math.a -mcpu=cortex-m4 -T"C:\Users\nates\OneDrive\Documents\EECS373\polyphonic-guitar-tuner\lab7\STM32L4R5ZITXP_FLASH.ld" --specs=nosys.specs -Wl,-Map="lab7.map" -Wl,--gc-sections -static -L../Middlewares/ST/ARM/DSP/Lib --specs=nano.specs -mfpu=fpv4-sp-d16 -mfloat-abi=hard -mthumb -Wl,--start-group -lc -lm -Wl,--end-group
Finished building target: lab7.elf
 
arm-none-eabi-size  lab7.elf 
arm-none-eabi-objdump -h -S lab7.elf  > "lab7.list"
   text	   data	    bss	    dec	    hex	filename
 117676	    100	   2508	 120284	  1d5dc	lab7.elf
Finished building: default.size.stdout
 
Finished building: lab7.list
 
19:32:56 **** Incremental Build of configuration Debug for project lab7 ****
make -j12 all 
arm-none-eabi-gcc "../Core/Src/main.c" -mcpu=cortex-m4 -std=gnu11 -g -DDEBUG -DUSE_HAL_DRIVER -DSTM32L4R5xx -c -I../Core/Inc -I../Drivers/STM32L4xx_HAL_Driver/Inc -I../Drivers/STM32L4xx_HAL_Driver/Inc/Legacy -I../Drivers/CMSIS/Device/ST/STM32L4xx/Include -I../Drivers/CMSIS/Include -I../Middlewares/ST/ARM/DSP/Inc -O0 -ffunction-sections -fdata-sections -Wall -fstack-usage -fcyclomatic-complexity -MMD -MP -MF"Core/Src/main.d" -MT"Core/Src/main.o" --specs=nano.specs -mfpu=fpv4-sp-d16 -mfloat-abi=hard -mthumb -o "Core/Src/main.o"
../Core/Src/main.c:65:10: warning: type defaults to 'int' in declaration of 'convFlag' [-Wimplicit-int]
   65 | volatile convFlag;
      |          ^~~~~~~~
../Core/Src/main.c: In function 'maxIndex':
../Core/Src/main.c:101:47: warning: passing argument 3 of 'arm_max_f32' from incompatible pointer type [-Wincompatible-pointer-types]
  101 |                 arm_max_f32(fftStart, length, &maxVal, &maxInd);
      |                                               ^~~~~~~
      |                                               |
      |                                               int *
In file included from ../Core/Src/main.c:26:
../Core/Inc/arm_math.h:6543:15: note: expected 'float32_t *' {aka 'float *'} but argument is of type 'int *'
 6543 |   float32_t * pResult,
      |   ~~~~~~~~~~~~^~~~~~~
../Core/Src/main.c:101:56: warning: passing argument 4 of 'arm_max_f32' from incompatible pointer type [-Wincompatible-pointer-types]
  101 |                 arm_max_f32(fftStart, length, &maxVal, &maxInd);
      |                                                        ^~~~~~~
      |                                                        |
      |                                                        int *
In file included from ../Core/Src/main.c:26:
../Core/Inc/arm_math.h:6544:14: note: expected 'uint32_t *' {aka 'long unsigned int *'} but argument is of type 'int *'
 6544 |   uint32_t * pIndex);
      |   ~~~~~~~~~~~^~~~~~
../Core/Src/main.c: In function 'main':
../Core/Src/main.c:177:37: warning: passing argument 2 of 'HAL_ADC_Start_DMA' from incompatible pointer type [-Wincompatible-pointer-types]
  177 |           HAL_ADC_Start_DMA(&hadc1, (uint16_t *) &ADC_BUFFER, BUFFER_LENGTH);
      |                                     ^~~~~~~~~~~~~~~~~~~~~~~~
      |                                     |
      |                                     uint16_t * {aka short unsigned int *}
In file included from ../Core/Inc/stm32l4xx_hal_conf.h:278,
                 from ../Drivers/STM32L4xx_HAL_Driver/Inc/stm32l4xx_hal.h:29,
                 from ../Core/Inc/main.h:30,
                 from ../Core/Src/main.c:20:
../Drivers/STM32L4xx_HAL_Driver/Inc/stm32l4xx_hal_adc.h:1945:78: note: expected 'uint32_t *' {aka 'long unsigned int *'} but argument is of type 'uint16_t *' {aka 'short unsigned int *'}
 1945 | HAL_StatusTypeDef       HAL_ADC_Start_DMA(ADC_HandleTypeDef *hadc, uint32_t *pData, uint32_t Length);
      |                                                                    ~~~~~~~~~~^~~~~
../Core/Src/main.c:196:42: warning: passing argument 2 of 'arm_rfft_fast_f32' from incompatible pointer type [-Wincompatible-pointer-types]
  196 |           arm_rfft_fast_f32(&fftHandler, &FFT_IN, &FFT_OUT, 0);
      |                                          ^~~~~~~
      |                                          |
      |                                          float32_t (*)[4096] {aka float (*)[4096]}
In file included from ../Core/Src/main.c:26:
../Core/Inc/arm_math.h:2251:15: note: expected 'float32_t *' {aka 'float *'} but argument is of type 'float32_t (*)[4096]' {aka 'float (*)[4096]'}
 2251 |   float32_t * p, float32_t * pOut,
      |   ~~~~~~~~~~~~^
../Core/Src/main.c:196:51: warning: passing argument 3 of 'arm_rfft_fast_f32' from incompatible pointer type [-Wincompatible-pointer-types]
  196 |           arm_rfft_fast_f32(&fftHandler, &FFT_IN, &FFT_OUT, 0);
      |                                                   ^~~~~~~~
      |                                                   |
      |                                                   float32_t (*)[4096] {aka float (*)[4096]}
In file included from ../Core/Src/main.c:26:
../Core/Inc/arm_math.h:2251:30: note: expected 'float32_t *' {aka 'float *'} but argument is of type 'float32_t (*)[4096]' {aka 'float (*)[4096]'}
 2251 |   float32_t * p, float32_t * pOut,
      |                  ~~~~~~~~~~~~^~~~
../Core/Src/main.c:215:31: warning: passing argument 2 of 'maxIndex' from incompatible pointer type [-Wincompatible-pointer-types]
  215 |           maxIndex(&FFT_M[0], &maxInd, 50, 600);
      |                               ^~~~~~~
      |                               |
      |                               uint32_t (*)[8] {aka long unsigned int (*)[8]}
../Core/Src/main.c:93:48: note: expected 'uint32_t *' {aka 'long unsigned int *'} but argument is of type 'uint32_t (*)[8]' {aka 'long unsigned int (*)[8]'}
   93 | void maxIndex(float32_t * fftStart, uint32_t * maxIndices, int start, int length) {
      |                                     ~~~~~~~~~~~^~~~~~~~~~
../Core/Src/main.c:226:21: warning: unused variable 'freq_at_max' [-Wunused-variable]
  226 |           float32_t freq_at_max = minInd * freq_resolution;
      |                     ^~~~~~~~~~~
../Core/Src/main.c:218:21: warning: unused variable 'minInd_Val' [-Wunused-variable]
  218 |           float32_t minInd_Val = FFT_MAG[minInd];
      |                     ^~~~~~~~~~
../Core/Src/main.c:124:19: warning: unused variable 'measured_freqs' [-Wunused-variable]
  124 |         float32_t measured_freqs[6];
      |                   ^~~~~~~~~~~~~~
../Core/Src/main.c:123:19: warning: unused variable 'string_freqs' [-Wunused-variable]
  123 |         float32_t string_freqs[6] = {329.63, 246.94, 196.0, 146.83, 110.0, 82.41};
      |                   ^~~~~~~~~~~~
arm-none-eabi-gcc -o "lab7.elf" @"objects.list"  -l:libarm_cortexM4lf_math.a -mcpu=cortex-m4 -T"C:\Users\nates\OneDrive\Documents\EECS373\polyphonic-guitar-tuner\lab7\STM32L4R5ZITXP_FLASH.ld" --specs=nosys.specs -Wl,-Map="lab7.map" -Wl,--gc-sections -static -L../Middlewares/ST/ARM/DSP/Lib --specs=nano.specs -mfpu=fpv4-sp-d16 -mfloat-abi=hard -mthumb -Wl,--start-group -lc -lm -Wl,--end-group
Finished building target: lab7.elf
 
arm-none-eabi-size  lab7.elf 
arm-none-eabi-objdump -h -S lab7.elf  > "lab7.list"
   text	   data	    bss	    dec	    hex	filename
 117676	    100	   2508	 120284	  1d5dc	lab7.elf
Finished building: default.size.stdout
 
Finished building: lab7.list
 
18:41:33 **** Incremental Build of configuration Debug for project lab7 ****
make -j12 all 
arm-none-eabi-gcc "../Core/Src/main.c" -mcpu=cortex-m4 -std=gnu11 -g -DDEBUG -DUSE_HAL_DRIVER -DSTM32L4R5xx -c -I../Core/Inc -I../Drivers/STM32L4xx_HAL_Driver/Inc -I../Drivers/STM32L4xx_HAL_Driver/Inc/Legacy -I../Drivers/CMSIS/Device/ST/STM32L4xx/Include -I../Drivers/CMSIS/Include -I../Middlewares/ST/ARM/DSP/Inc -O0 -ffunction-sections -fdata-sections -Wall -fstack-usage -fcyclomatic-complexity -MMD -MP -MF"Core/Src/main.d" -MT"Core/Src/main.o" --specs=nano.specs -mfpu=fpv4-sp-d16 -mfloat-abi=hard -mthumb -o "Core/Src/main.o"
../Core/Src/main.c:66:10: warning: type defaults to 'int' in declaration of 'convFlag' [-Wimplicit-int]
   66 | volatile convFlag;
      |          ^~~~~~~~
../Core/Src/main.c: In function 'maxIndex':
../Core/Src/main.c:102:47: warning: passing argument 3 of 'arm_max_f32' from incompatible pointer type [-Wincompatible-pointer-types]
  102 |                 arm_max_f32(fftStart, length, &maxVal, &maxInd);
      |                                               ^~~~~~~
      |                                               |
      |                                               int *
In file included from ../Core/Src/main.c:26:
../Core/Inc/arm_math.h:6543:15: note: expected 'float32_t *' {aka 'float *'} but argument is of type 'int *'
 6543 |   float32_t * pResult,
      |   ~~~~~~~~~~~~^~~~~~~
../Core/Src/main.c:102:56: warning: passing argument 4 of 'arm_max_f32' from incompatible pointer type [-Wincompatible-pointer-types]
  102 |                 arm_max_f32(fftStart, length, &maxVal, &maxInd);
      |                                                        ^~~~~~~
      |                                                        |
      |                                                        int *
In file included from ../Core/Src/main.c:26:
../Core/Inc/arm_math.h:6544:14: note: expected 'uint32_t *' {aka 'long unsigned int *'} but argument is of type 'int *'
 6544 |   uint32_t * pIndex);
      |   ~~~~~~~~~~~^~~~~~
../Core/Src/main.c: In function 'autocorrelate':
../Core/Src/main.c:170:49: error: expected ';' before 'arm_rfft_fast_f32'
  170 |     arm_cmplx_mag_squared_f32(output, output, N)
      |                                                 ^
      |                                                 ;
......
  174 |     arm_rfft_fast_f32(&fftInstance, output, autocorrelation, 1);
      |     ~~~~~~~~~~~~~~~~~                            
../Core/Src/main.c: In function 'main':
../Core/Src/main.c:277:32: warning: passing argument 1 of 'apply_hanning_window' from incompatible pointer type [-Wincompatible-pointer-types]
  277 |           apply_hanning_window(&signal, BUFFER_LENGTH);
      |                                ^~~~~~~
      |                                |
      |                                float32_t (*)[4096] {aka float (*)[4096]}
../Core/Src/main.c:112:39: note: expected 'float32_t *' {aka 'float *'} but argument is of type 'float32_t (*)[4096]' {aka 'float (*)[4096]'}
  112 | void apply_hanning_window(float32_t * signal, uint32_t length){
      |                           ~~~~~~~~~~~~^~~~~~
../Core/Src/main.c:303:56: warning: pointer targets in passing argument 3 of 'find_peaks' differ in signedness [-Wpointer-sign]
  303 |           find_peaks(autocorrelation, BUFFER_LENGTH/2, peaks, &num_peaks); //returns peak indices
      |                                                        ^~~~~
      |                                                        |
      |                                                        uint32_t * {aka long unsigned int *}
../Core/Src/main.c:131:60: note: expected 'int32_t *' {aka 'long int *'} but argument is of type 'uint32_t *' {aka 'long unsigned int *'}
  131 | void find_peaks(float32_t* data, uint32_t length, int32_t* peaks, uint32_t* num_peaks) {
      |                                                   ~~~~~~~~~^~~~~
../Core/Src/main.c:326:24: warning: unused variable 'fundamental_freq' [-Wunused-variable]
  326 |              float32_t fundamental_freq = freq;
      |                        ^~~~~~~~~~~~~~~~
../Core/Src/main.c:243:22: warning: unused variable 'ADC_BUFFER' [-Wunused-variable]
  243 |    volatile uint32_t ADC_BUFFER[BUFFER_LENGTH];
      |                      ^~~~~~~~~~
../Core/Src/main.c:236:13: warning: unused variable 'FFT_OUT' [-Wunused-variable]
  236 |   float32_t FFT_OUT[BUFFER_LENGTH];
      |             ^~~~~~~
../Core/Src/main.c:199:19: warning: unused variable 'measured_freqs' [-Wunused-variable]
  199 |         float32_t measured_freqs[6];
      |                   ^~~~~~~~~~~~~~
../Core/Src/main.c:198:19: warning: unused variable 'string_freqs' [-Wunused-variable]
  198 |         float32_t string_freqs[6] = {329.63, 246.94, 196.0, 146.83, 110.0, 82.41};
      |                   ^~~~~~~~~~~~
make: *** [Core/Src/subdir.mk:34: Core/Src/main.o] Error 1
"make -j12 all" terminated with exit code 2. Build might be incomplete.
18:41:48 **** Incremental Build of configuration Debug for project lab7 ****
make -j12 all 
arm-none-eabi-gcc "../Core/Src/main.c" -mcpu=cortex-m4 -std=gnu11 -g -DDEBUG -DUSE_HAL_DRIVER -DSTM32L4R5xx -c -I../Core/Inc -I../Drivers/STM32L4xx_HAL_Driver/Inc -I../Drivers/STM32L4xx_HAL_Driver/Inc/Legacy -I../Drivers/CMSIS/Device/ST/STM32L4xx/Include -I../Drivers/CMSIS/Include -I../Middlewares/ST/ARM/DSP/Inc -O0 -ffunction-sections -fdata-sections -Wall -fstack-usage -fcyclomatic-complexity -MMD -MP -MF"Core/Src/main.d" -MT"Core/Src/main.o" --specs=nano.specs -mfpu=fpv4-sp-d16 -mfloat-abi=hard -mthumb -o "Core/Src/main.o"
../Core/Src/main.c:66:10: warning: type defaults to 'int' in declaration of 'convFlag' [-Wimplicit-int]
   66 | volatile convFlag;
      |          ^~~~~~~~
../Core/Src/main.c: In function 'maxIndex':
../Core/Src/main.c:102:47: warning: passing argument 3 of 'arm_max_f32' from incompatible pointer type [-Wincompatible-pointer-types]
  102 |                 arm_max_f32(fftStart, length, &maxVal, &maxInd);
      |                                               ^~~~~~~
      |                                               |
      |                                               int *
In file included from ../Core/Src/main.c:26:
../Core/Inc/arm_math.h:6543:15: note: expected 'float32_t *' {aka 'float *'} but argument is of type 'int *'
 6543 |   float32_t * pResult,
      |   ~~~~~~~~~~~~^~~~~~~
../Core/Src/main.c:102:56: warning: passing argument 4 of 'arm_max_f32' from incompatible pointer type [-Wincompatible-pointer-types]
  102 |                 arm_max_f32(fftStart, length, &maxVal, &maxInd);
      |                                                        ^~~~~~~
      |                                                        |
      |                                                        int *
In file included from ../Core/Src/main.c:26:
../Core/Inc/arm_math.h:6544:14: note: expected 'uint32_t *' {aka 'long unsigned int *'} but argument is of type 'int *'
 6544 |   uint32_t * pIndex);
      |   ~~~~~~~~~~~^~~~~~
../Core/Src/main.c: In function 'main':
../Core/Src/main.c:277:32: warning: passing argument 1 of 'apply_hanning_window' from incompatible pointer type [-Wincompatible-pointer-types]
  277 |           apply_hanning_window(&signal, BUFFER_LENGTH);
      |                                ^~~~~~~
      |                                |
      |                                float32_t (*)[4096] {aka float (*)[4096]}
../Core/Src/main.c:112:39: note: expected 'float32_t *' {aka 'float *'} but argument is of type 'float32_t (*)[4096]' {aka 'float (*)[4096]'}
  112 | void apply_hanning_window(float32_t * signal, uint32_t length){
      |                           ~~~~~~~~~~~~^~~~~~
../Core/Src/main.c:303:56: warning: pointer targets in passing argument 3 of 'find_peaks' differ in signedness [-Wpointer-sign]
  303 |           find_peaks(autocorrelation, BUFFER_LENGTH/2, peaks, &num_peaks); //returns peak indices
      |                                                        ^~~~~
      |                                                        |
      |                                                        uint32_t * {aka long unsigned int *}
../Core/Src/main.c:131:60: note: expected 'int32_t *' {aka 'long int *'} but argument is of type 'uint32_t *' {aka 'long unsigned int *'}
  131 | void find_peaks(float32_t* data, uint32_t length, int32_t* peaks, uint32_t* num_peaks) {
      |                                                   ~~~~~~~~~^~~~~
../Core/Src/main.c:326:24: warning: unused variable 'fundamental_freq' [-Wunused-variable]
  326 |              float32_t fundamental_freq = freq;
      |                        ^~~~~~~~~~~~~~~~
../Core/Src/main.c:243:22: warning: unused variable 'ADC_BUFFER' [-Wunused-variable]
  243 |    volatile uint32_t ADC_BUFFER[BUFFER_LENGTH];
      |                      ^~~~~~~~~~
../Core/Src/main.c:236:13: warning: unused variable 'FFT_OUT' [-Wunused-variable]
  236 |   float32_t FFT_OUT[BUFFER_LENGTH];
      |             ^~~~~~~
../Core/Src/main.c:199:19: warning: unused variable 'measured_freqs' [-Wunused-variable]
  199 |         float32_t measured_freqs[6];
      |                   ^~~~~~~~~~~~~~
../Core/Src/main.c:198:19: warning: unused variable 'string_freqs' [-Wunused-variable]
  198 |         float32_t string_freqs[6] = {329.63, 246.94, 196.0, 146.83, 110.0, 82.41};
      |                   ^~~~~~~~~~~~
arm-none-eabi-gcc -o "lab7.elf" @"objects.list"  -l:libarm_cortexM4lf_math.a -mcpu=cortex-m4 -T"C:\Users\nates\OneDrive\Documents\EECS373\polyphonic-guitar-tuner\lab7\STM32L4R5ZITXP_FLASH.ld" --specs=nosys.specs -Wl,-Map="lab7.map" -Wl,--gc-sections -static -L../Middlewares/ST/ARM/DSP/Lib --specs=nano.specs -mfpu=fpv4-sp-d16 -mfloat-abi=hard -mthumb -Wl,--start-group -lc -lm -Wl,--end-group
Finished building target: lab7.elf
 
arm-none-eabi-size  lab7.elf 
arm-none-eabi-objdump -h -S lab7.elf  > "lab7.list"
   text	   data	    bss	    dec	    hex	filename
 125616	     20	   2172	 127808	  1f340	lab7.elf
Finished building: default.size.stdout
 
Finished building: lab7.list
 
19:00:54 **** Incremental Build of configuration Debug for project lab7 ****
make -j12 all 
arm-none-eabi-gcc "../Core/Src/main.c" -mcpu=cortex-m4 -std=gnu11 -g -DDEBUG -DUSE_HAL_DRIVER -DSTM32L4R5xx -c -I../Core/Inc -I../Drivers/STM32L4xx_HAL_Driver/Inc -I../Drivers/STM32L4xx_HAL_Driver/Inc/Legacy -I../Drivers/CMSIS/Device/ST/STM32L4xx/Include -I../Drivers/CMSIS/Include -I../Middlewares/ST/ARM/DSP/Inc -O0 -ffunction-sections -fdata-sections -Wall -fstack-usage -fcyclomatic-complexity -MMD -MP -MF"Core/Src/main.d" -MT"Core/Src/main.o" --specs=nano.specs -mfpu=fpv4-sp-d16 -mfloat-abi=hard -mthumb -o "Core/Src/main.o"
../Core/Src/main.c:66:10: warning: type defaults to 'int' in declaration of 'convFlag' [-Wimplicit-int]
   66 | volatile convFlag;
      |          ^~~~~~~~
../Core/Src/main.c: In function 'maxIndex':
../Core/Src/main.c:102:47: warning: passing argument 3 of 'arm_max_f32' from incompatible pointer type [-Wincompatible-pointer-types]
  102 |                 arm_max_f32(fftStart, length, &maxVal, &maxInd);
      |                                               ^~~~~~~
      |                                               |
      |                                               int *
In file included from ../Core/Src/main.c:26:
../Core/Inc/arm_math.h:6543:15: note: expected 'float32_t *' {aka 'float *'} but argument is of type 'int *'
 6543 |   float32_t * pResult,
      |   ~~~~~~~~~~~~^~~~~~~
../Core/Src/main.c:102:56: warning: passing argument 4 of 'arm_max_f32' from incompatible pointer type [-Wincompatible-pointer-types]
  102 |                 arm_max_f32(fftStart, length, &maxVal, &maxInd);
      |                                                        ^~~~~~~
      |                                                        |
      |                                                        int *
In file included from ../Core/Src/main.c:26:
../Core/Inc/arm_math.h:6544:14: note: expected 'uint32_t *' {aka 'long unsigned int *'} but argument is of type 'int *'
 6544 |   uint32_t * pIndex);
      |   ~~~~~~~~~~~^~~~~~
../Core/Src/main.c: In function 'main':
../Core/Src/main.c:277:32: warning: passing argument 1 of 'apply_hanning_window' from incompatible pointer type [-Wincompatible-pointer-types]
  277 |           apply_hanning_window(&signal, BUFFER_LENGTH);
      |                                ^~~~~~~
      |                                |
      |                                float32_t (*)[4096] {aka float (*)[4096]}
../Core/Src/main.c:112:39: note: expected 'float32_t *' {aka 'float *'} but argument is of type 'float32_t (*)[4096]' {aka 'float (*)[4096]'}
  112 | void apply_hanning_window(float32_t * signal, uint32_t length){
      |                           ~~~~~~~~~~~~^~~~~~
../Core/Src/main.c:303:56: warning: pointer targets in passing argument 3 of 'find_peaks' differ in signedness [-Wpointer-sign]
  303 |           find_peaks(autocorrelation, BUFFER_LENGTH/2, peaks, &num_peaks); //returns peak indices
      |                                                        ^~~~~
      |                                                        |
      |                                                        uint32_t * {aka long unsigned int *}
../Core/Src/main.c:131:60: note: expected 'int32_t *' {aka 'long int *'} but argument is of type 'uint32_t *' {aka 'long unsigned int *'}
  131 | void find_peaks(float32_t* data, uint32_t length, int32_t* peaks, uint32_t* num_peaks) {
      |                                                   ~~~~~~~~~^~~~~
../Core/Src/main.c:326:24: warning: unused variable 'fundamental_freq' [-Wunused-variable]
  326 |              float32_t fundamental_freq = freq;
      |                        ^~~~~~~~~~~~~~~~
../Core/Src/main.c:243:22: warning: unused variable 'ADC_BUFFER' [-Wunused-variable]
  243 |    volatile uint32_t ADC_BUFFER[BUFFER_LENGTH];
      |                      ^~~~~~~~~~
../Core/Src/main.c:236:13: warning: unused variable 'FFT_OUT' [-Wunused-variable]
  236 |   float32_t FFT_OUT[BUFFER_LENGTH];
      |             ^~~~~~~
../Core/Src/main.c:199:19: warning: unused variable 'measured_freqs' [-Wunused-variable]
  199 |         float32_t measured_freqs[6];
      |                   ^~~~~~~~~~~~~~
../Core/Src/main.c:198:19: warning: unused variable 'string_freqs' [-Wunused-variable]
  198 |         float32_t string_freqs[6] = {329.63, 246.94, 196.0, 146.83, 110.0, 82.41};
      |                   ^~~~~~~~~~~~
arm-none-eabi-gcc -o "lab7.elf" @"objects.list"  -l:libarm_cortexM4lf_math.a -mcpu=cortex-m4 -T"C:\Users\nates\OneDrive\Documents\EECS373\polyphonic-guitar-tuner\lab7\STM32L4R5ZITXP_FLASH.ld" --specs=nosys.specs -Wl,-Map="lab7.map" -Wl,--gc-sections -static -L../Middlewares/ST/ARM/DSP/Lib --specs=nano.specs -mfpu=fpv4-sp-d16 -mfloat-abi=hard -mthumb -Wl,--start-group -lc -lm -Wl,--end-group
Finished building target: lab7.elf
 
arm-none-eabi-size  lab7.elf 
arm-none-eabi-objdump -h -S lab7.elf  > "lab7.list"
   text	   data	    bss	    dec	    hex	filename
 125624	     20	   2172	 127816	  1f348	lab7.elf
Finished building: default.size.stdout
 
Finished building: lab7.list
 
19:21:38 **** Incremental Build of configuration Debug for project lab7 ****
make -j12 all 
arm-none-eabi-gcc "../Core/Src/main.c" -mcpu=cortex-m4 -std=gnu11 -g -DDEBUG -DUSE_HAL_DRIVER -DSTM32L4R5xx -c -I../Core/Inc -I../Drivers/STM32L4xx_HAL_Driver/Inc -I../Drivers/STM32L4xx_HAL_Driver/Inc/Legacy -I../Drivers/CMSIS/Device/ST/STM32L4xx/Include -I../Drivers/CMSIS/Include -I../Middlewares/ST/ARM/DSP/Inc -O0 -ffunction-sections -fdata-sections -Wall -fstack-usage -fcyclomatic-complexity -MMD -MP -MF"Core/Src/main.d" -MT"Core/Src/main.o" --specs=nano.specs -mfpu=fpv4-sp-d16 -mfloat-abi=hard -mthumb -o "Core/Src/main.o"
../Core/Src/main.c:66:10: warning: type defaults to 'int' in declaration of 'convFlag' [-Wimplicit-int]
   66 | volatile convFlag;
      |          ^~~~~~~~
../Core/Src/main.c: In function 'maxIndex':
../Core/Src/main.c:102:47: warning: passing argument 3 of 'arm_max_f32' from incompatible pointer type [-Wincompatible-pointer-types]
  102 |                 arm_max_f32(fftStart, length, &maxVal, &maxInd);
      |                                               ^~~~~~~
      |                                               |
      |                                               int *
In file included from ../Core/Src/main.c:26:
../Core/Inc/arm_math.h:6543:15: note: expected 'float32_t *' {aka 'float *'} but argument is of type 'int *'
 6543 |   float32_t * pResult,
      |   ~~~~~~~~~~~~^~~~~~~
../Core/Src/main.c:102:56: warning: passing argument 4 of 'arm_max_f32' from incompatible pointer type [-Wincompatible-pointer-types]
  102 |                 arm_max_f32(fftStart, length, &maxVal, &maxInd);
      |                                                        ^~~~~~~
      |                                                        |
      |                                                        int *
In file included from ../Core/Src/main.c:26:
../Core/Inc/arm_math.h:6544:14: note: expected 'uint32_t *' {aka 'long unsigned int *'} but argument is of type 'int *'
 6544 |   uint32_t * pIndex);
      |   ~~~~~~~~~~~^~~~~~
../Core/Src/main.c: In function 'autocorrelate':
../Core/Src/main.c:170:5: error: unknown type name 'float_32_t'; did you mean 'float32_t'?
  170 |     float_32_t power_spectrum[N/2];
      |     ^~~~~~~~~~
      |     float32_t
../Core/Src/main.c:171:39: warning: passing argument 2 of 'arm_cmplx_mag_squared_f32' from incompatible pointer type [-Wincompatible-pointer-types]
  171 |     arm_cmplx_mag_squared_f32(output, power_spectrum, N/2);
      |                                       ^~~~~~~~~~~~~~
      |                                       |
      |                                       int *
In file included from ../Core/Src/main.c:26:
../Core/Inc/arm_math.h:4698:15: note: expected 'float32_t *' {aka 'float *'} but argument is of type 'int *'
 4698 |   float32_t * pDst,
      |   ~~~~~~~~~~~~^~~~
../Core/Src/main.c:175:37: warning: passing argument 2 of 'arm_rfft_fast_f32' from incompatible pointer type [-Wincompatible-pointer-types]
  175 |     arm_rfft_fast_f32(&fftInstance, power_spectrum, autocorrelation, 1);
      |                                     ^~~~~~~~~~~~~~
      |                                     |
      |                                     int *
In file included from ../Core/Src/main.c:26:
../Core/Inc/arm_math.h:2251:15: note: expected 'float32_t *' {aka 'float *'} but argument is of type 'int *'
 2251 |   float32_t * p, float32_t * pOut,
      |   ~~~~~~~~~~~~^
../Core/Src/main.c: In function 'main':
../Core/Src/main.c:278:32: warning: passing argument 1 of 'apply_hanning_window' from incompatible pointer type [-Wincompatible-pointer-types]
  278 |           apply_hanning_window(&signal, BUFFER_LENGTH);
      |                                ^~~~~~~
      |                                |
      |                                float32_t (*)[4096] {aka float (*)[4096]}
../Core/Src/main.c:112:39: note: expected 'float32_t *' {aka 'float *'} but argument is of type 'float32_t (*)[4096]' {aka 'float (*)[4096]'}
  112 | void apply_hanning_window(float32_t * signal, uint32_t length){
      |                           ~~~~~~~~~~~~^~~~~~
../Core/Src/main.c:304:56: warning: pointer targets in passing argument 3 of 'find_peaks' differ in signedness [-Wpointer-sign]
  304 |           find_peaks(autocorrelation, BUFFER_LENGTH/2, peaks, &num_peaks); //returns peak indices
      |                                                        ^~~~~
      |                                                        |
      |                                                        uint32_t * {aka long unsigned int *}
../Core/Src/main.c:131:60: note: expected 'int32_t *' {aka 'long int *'} but argument is of type 'uint32_t *' {aka 'long unsigned int *'}
  131 | void find_peaks(float32_t* data, uint32_t length, int32_t* peaks, uint32_t* num_peaks) {
      |                                                   ~~~~~~~~~^~~~~
../Core/Src/main.c:327:24: warning: unused variable 'fundamental_freq' [-Wunused-variable]
  327 |              float32_t fundamental_freq = freq;
      |                        ^~~~~~~~~~~~~~~~
../Core/Src/main.c:244:22: warning: unused variable 'ADC_BUFFER' [-Wunused-variable]
  244 |    volatile uint32_t ADC_BUFFER[BUFFER_LENGTH];
      |                      ^~~~~~~~~~
../Core/Src/main.c:237:13: warning: unused variable 'FFT_OUT' [-Wunused-variable]
  237 |   float32_t FFT_OUT[BUFFER_LENGTH];
      |             ^~~~~~~
../Core/Src/main.c:200:19: warning: unused variable 'measured_freqs' [-Wunused-variable]
  200 |         float32_t measured_freqs[6];
      |                   ^~~~~~~~~~~~~~
../Core/Src/main.c:199:19: warning: unused variable 'string_freqs' [-Wunused-variable]
  199 |         float32_t string_freqs[6] = {329.63, 246.94, 196.0, 146.83, 110.0, 82.41};
      |                   ^~~~~~~~~~~~
make: *** [Core/Src/subdir.mk:34: Core/Src/main.o] Error 1
"make -j12 all" terminated with exit code 2. Build might be incomplete.
19:22:09 **** Incremental Build of configuration Debug for project lab7 ****
make -j12 all 
arm-none-eabi-gcc "../Core/Src/main.c" -mcpu=cortex-m4 -std=gnu11 -g -DDEBUG -DUSE_HAL_DRIVER -DSTM32L4R5xx -c -I../Core/Inc -I../Drivers/STM32L4xx_HAL_Driver/Inc -I../Drivers/STM32L4xx_HAL_Driver/Inc/Legacy -I../Drivers/CMSIS/Device/ST/STM32L4xx/Include -I../Drivers/CMSIS/Include -I../Middlewares/ST/ARM/DSP/Inc -O0 -ffunction-sections -fdata-sections -Wall -fstack-usage -fcyclomatic-complexity -MMD -MP -MF"Core/Src/main.d" -MT"Core/Src/main.o" --specs=nano.specs -mfpu=fpv4-sp-d16 -mfloat-abi=hard -mthumb -o "Core/Src/main.o"
../Core/Src/main.c:66:10: warning: type defaults to 'int' in declaration of 'convFlag' [-Wimplicit-int]
   66 | volatile convFlag;
      |          ^~~~~~~~
../Core/Src/main.c: In function 'maxIndex':
../Core/Src/main.c:102:47: warning: passing argument 3 of 'arm_max_f32' from incompatible pointer type [-Wincompatible-pointer-types]
  102 |                 arm_max_f32(fftStart, length, &maxVal, &maxInd);
      |                                               ^~~~~~~
      |                                               |
      |                                               int *
In file included from ../Core/Src/main.c:26:
../Core/Inc/arm_math.h:6543:15: note: expected 'float32_t *' {aka 'float *'} but argument is of type 'int *'
 6543 |   float32_t * pResult,
      |   ~~~~~~~~~~~~^~~~~~~
../Core/Src/main.c:102:56: warning: passing argument 4 of 'arm_max_f32' from incompatible pointer type [-Wincompatible-pointer-types]
  102 |                 arm_max_f32(fftStart, length, &maxVal, &maxInd);
      |                                                        ^~~~~~~
      |                                                        |
      |                                                        int *
In file included from ../Core/Src/main.c:26:
../Core/Inc/arm_math.h:6544:14: note: expected 'uint32_t *' {aka 'long unsigned int *'} but argument is of type 'int *'
 6544 |   uint32_t * pIndex);
      |   ~~~~~~~~~~~^~~~~~
../Core/Src/main.c: In function 'main':
../Core/Src/main.c:278:32: warning: passing argument 1 of 'apply_hanning_window' from incompatible pointer type [-Wincompatible-pointer-types]
  278 |           apply_hanning_window(&signal, BUFFER_LENGTH);
      |                                ^~~~~~~
      |                                |
      |                                float32_t (*)[4096] {aka float (*)[4096]}
../Core/Src/main.c:112:39: note: expected 'float32_t *' {aka 'float *'} but argument is of type 'float32_t (*)[4096]' {aka 'float (*)[4096]'}
  112 | void apply_hanning_window(float32_t * signal, uint32_t length){
      |                           ~~~~~~~~~~~~^~~~~~
../Core/Src/main.c:304:56: warning: pointer targets in passing argument 3 of 'find_peaks' differ in signedness [-Wpointer-sign]
  304 |           find_peaks(autocorrelation, BUFFER_LENGTH/2, peaks, &num_peaks); //returns peak indices
      |                                                        ^~~~~
      |                                                        |
      |                                                        uint32_t * {aka long unsigned int *}
../Core/Src/main.c:131:60: note: expected 'int32_t *' {aka 'long int *'} but argument is of type 'uint32_t *' {aka 'long unsigned int *'}
  131 | void find_peaks(float32_t* data, uint32_t length, int32_t* peaks, uint32_t* num_peaks) {
      |                                                   ~~~~~~~~~^~~~~
../Core/Src/main.c:327:24: warning: unused variable 'fundamental_freq' [-Wunused-variable]
  327 |              float32_t fundamental_freq = freq;
      |                        ^~~~~~~~~~~~~~~~
../Core/Src/main.c:244:22: warning: unused variable 'ADC_BUFFER' [-Wunused-variable]
  244 |    volatile uint32_t ADC_BUFFER[BUFFER_LENGTH];
      |                      ^~~~~~~~~~
../Core/Src/main.c:237:13: warning: unused variable 'FFT_OUT' [-Wunused-variable]
  237 |   float32_t FFT_OUT[BUFFER_LENGTH];
      |             ^~~~~~~
../Core/Src/main.c:200:19: warning: unused variable 'measured_freqs' [-Wunused-variable]
  200 |         float32_t measured_freqs[6];
      |                   ^~~~~~~~~~~~~~
../Core/Src/main.c:199:19: warning: unused variable 'string_freqs' [-Wunused-variable]
  199 |         float32_t string_freqs[6] = {329.63, 246.94, 196.0, 146.83, 110.0, 82.41};
      |                   ^~~~~~~~~~~~
arm-none-eabi-gcc -o "lab7.elf" @"objects.list"  -l:libarm_cortexM4lf_math.a -mcpu=cortex-m4 -T"C:\Users\nates\OneDrive\Documents\EECS373\polyphonic-guitar-tuner\lab7\STM32L4R5ZITXP_FLASH.ld" --specs=nosys.specs -Wl,-Map="lab7.map" -Wl,--gc-sections -static -L../Middlewares/ST/ARM/DSP/Lib --specs=nano.specs -mfpu=fpv4-sp-d16 -mfloat-abi=hard -mthumb -Wl,--start-group -lc -lm -Wl,--end-group
Finished building target: lab7.elf
 
arm-none-eabi-size  lab7.elf 
[...]
 1945 | HAL_StatusTypeDef       HAL_ADC_Start_DMA(ADC_HandleTypeDef *hadc, uint32_t *pData, uint32_t Length);
      |                                                                    ~~~~~~~~~~^~~~~
../Core/Src/main.c:263:32: warning: passing argument 1 of 'apply_hanning_window' from incompatible pointer type [-Wincompatible-pointer-types]
  263 |           apply_hanning_window(&signal, BUFFER_LENGTH);
      |                                ^~~~~~~
      |                                |
      |                                float32_t (*)[4096] {aka float (*)[4096]}
../Core/Src/main.c:101:39: note: expected 'float32_t *' {aka 'float *'} but argument is of type 'float32_t (*)[4096]' {aka 'float (*)[4096]'}
  101 | void apply_hanning_window(float32_t * signal, uint32_t length){
      |                           ~~~~~~~~~~~~^~~~~~
../Core/Src/main.c:271:56: warning: pointer targets in passing argument 3 of 'find_peaks' differ in signedness [-Wpointer-sign]
  271 |           find_peaks(autocorrelation, BUFFER_LENGTH/2, peaks, &num_peaks); //returns peak indices
      |                                                        ^~~~~
      |                                                        |
      |                                                        uint32_t * {aka long unsigned int *}
../Core/Src/main.c:109:60: note: expected 'int32_t *' {aka 'long int *'} but argument is of type 'uint32_t *' {aka 'long unsigned int *'}
  109 | void find_peaks(float32_t* data, uint32_t length, int32_t* peaks, uint32_t* num_peaks) {
      |                                                   ~~~~~~~~~^~~~~
../Core/Src/main.c:274:21: warning: unused variable 'freq' [-Wunused-variable]
  274 |           float32_t freq = 0.0f;
      |                     ^~~~
../Core/Src/main.c:183:19: warning: variable 'string_offset' set but not used [-Wunused-but-set-variable]
  183 |         float32_t string_offset;
      |                   ^~~~~~~~~~~~~
arm-none-eabi-gcc -o "lab7.elf" @"objects.list"  -l:libarm_cortexM4lf_math.a -mcpu=cortex-m4 -T"C:\Users\nates\OneDrive\Documents\EECS373\polyphonic-guitar-tuner\lab7\STM32L4R5ZITXP_FLASH.ld" --specs=nosys.specs -Wl,-Map="lab7.map" -Wl,--gc-sections -static -L../Middlewares/ST/ARM/DSP/Lib --specs=nano.specs -mfpu=fpv4-sp-d16 -mfloat-abi=hard -mthumb -Wl,--start-group -lc -lm -Wl,--end-group
Finished building target: lab7.elf
 
arm-none-eabi-size  lab7.elf 
arm-none-eabi-objdump -h -S lab7.elf  > "lab7.list"
   text	   data	    bss	    dec	    hex	filename
 125048	     20	   2244	 127312	  1f150	lab7.elf
Finished building: default.size.stdout
 
Finished building: lab7.list
 
16:04:46 **** Incremental Build of configuration Debug for project lab7 ****
make -j12 all 
arm-none-eabi-gcc "../Core/Src/main.c" -mcpu=cortex-m4 -std=gnu11 -g -DDEBUG -DUSE_HAL_DRIVER -DSTM32L4R5xx -c -I../Core/Inc -I../Drivers/STM32L4xx_HAL_Driver/Inc -I../Drivers/STM32L4xx_HAL_Driver/Inc/Legacy -I../Drivers/CMSIS/Device/ST/STM32L4xx/Include -I../Drivers/CMSIS/Include -I../Middlewares/ST/ARM/DSP/Inc -O0 -ffunction-sections -fdata-sections -Wall -fstack-usage -fcyclomatic-complexity -MMD -MP -MF"Core/Src/main.d" -MT"Core/Src/main.o" --specs=nano.specs -mfpu=fpv4-sp-d16 -mfloat-abi=hard -mthumb -o "Core/Src/main.o"
../Core/Src/main.c:72:10: warning: type defaults to 'int' in declaration of 'convFlag' [-Wimplicit-int]
   72 | volatile convFlag;
      |          ^~~~~~~~
../Core/Src/main.c: In function 'main':
../Core/Src/main.c:242:36: warning: passing argument 2 of 'HAL_ADC_Start_DMA' from incompatible pointer type [-Wincompatible-pointer-types]
  242 |          HAL_ADC_Start_DMA(&hadc1, ADC_BUFFER, BUFFER_LENGTH);
      |                                    ^~~~~~~~~~
      |                                    |
      |                                    volatile uint16_t * {aka volatile short unsigned int *}
In file included from ../Core/Inc/stm32l4xx_hal_conf.h:278,
                 from ../Drivers/STM32L4xx_HAL_Driver/Inc/stm32l4xx_hal.h:29,
                 from ../Core/Inc/main.h:30,
                 from ../Core/Src/main.c:20:
../Drivers/STM32L4xx_HAL_Driver/Inc/stm32l4xx_hal_adc.h:1945:78: note: expected 'uint32_t *' {aka 'long unsigned int *'} but argument is of type 'volatile uint16_t *' {aka 'volatile short unsigned int *'}
 1945 | HAL_StatusTypeDef       HAL_ADC_Start_DMA(ADC_HandleTypeDef *hadc, uint32_t *pData, uint32_t Length);
      |                                                                    ~~~~~~~~~~^~~~~
../Core/Src/main.c:263:32: warning: passing argument 1 of 'apply_hanning_window' from incompatible pointer type [-Wincompatible-pointer-types]
  263 |           apply_hanning_window(&signal, BUFFER_LENGTH);
      |                                ^~~~~~~
      |                                |
      |                                float32_t (*)[4096] {aka float (*)[4096]}
../Core/Src/main.c:101:39: note: expected 'float32_t *' {aka 'float *'} but argument is of type 'float32_t (*)[4096]' {aka 'float (*)[4096]'}
  101 | void apply_hanning_window(float32_t * signal, uint32_t length){
      |                           ~~~~~~~~~~~~^~~~~~
../Core/Src/main.c:271:56: warning: pointer targets in passing argument 3 of 'find_peaks' differ in signedness [-Wpointer-sign]
  271 |           find_peaks(autocorrelation, BUFFER_LENGTH/2, peaks, &num_peaks); //returns peak indices
      |                                                        ^~~~~
      |                                                        |
      |                                                        uint32_t * {aka long unsigned int *}
../Core/Src/main.c:109:60: note: expected 'int32_t *' {aka 'long int *'} but argument is of type 'uint32_t *' {aka 'long unsigned int *'}
  109 | void find_peaks(float32_t* data, uint32_t length, int32_t* peaks, uint32_t* num_peaks) {
      |                                                   ~~~~~~~~~^~~~~
../Core/Src/main.c:274:21: warning: unused variable 'freq' [-Wunused-variable]
  274 |           float32_t freq = 0.0f;
      |                     ^~~~
../Core/Src/main.c:183:19: warning: variable 'string_offset' set but not used [-Wunused-but-set-variable]
  183 |         float32_t string_offset;
      |                   ^~~~~~~~~~~~~
arm-none-eabi-gcc -o "lab7.elf" @"objects.list"  -l:libarm_cortexM4lf_math.a -mcpu=cortex-m4 -T"C:\Users\nates\OneDrive\Documents\EECS373\polyphonic-guitar-tuner\lab7\STM32L4R5ZITXP_FLASH.ld" --specs=nosys.specs -Wl,-Map="lab7.map" -Wl,--gc-sections -static -L../Middlewares/ST/ARM/DSP/Lib --specs=nano.specs -mfpu=fpv4-sp-d16 -mfloat-abi=hard -mthumb -Wl,--start-group -lc -lm -Wl,--end-group
Finished building target: lab7.elf
 
arm-none-eabi-size  lab7.elf 
arm-none-eabi-objdump -h -S lab7.elf  > "lab7.list"
   text	   data	    bss	    dec	    hex	filename
 125048	     20	   2244	 127312	  1f150	lab7.elf
Finished building: default.size.stdout
 
Finished building: lab7.list
 
16:05:12 **** Incremental Build of configuration Debug for project lab7 ****
make -j12 all 
arm-none-eabi-gcc "../Core/Src/main.c" -mcpu=cortex-m4 -std=gnu11 -g -DDEBUG -DUSE_HAL_DRIVER -DSTM32L4R5xx -c -I../Core/Inc -I../Drivers/STM32L4xx_HAL_Driver/Inc -I../Drivers/STM32L4xx_HAL_Driver/Inc/Legacy -I../Drivers/CMSIS/Device/ST/STM32L4xx/Include -I../Drivers/CMSIS/Include -I../Middlewares/ST/ARM/DSP/Inc -O0 -ffunction-sections -fdata-sections -Wall -fstack-usage -fcyclomatic-complexity -MMD -MP -MF"Core/Src/main.d" -MT"Core/Src/main.o" --specs=nano.specs -mfpu=fpv4-sp-d16 -mfloat-abi=hard -mthumb -o "Core/Src/main.o"
../Core/Src/main.c:72:10: warning: type defaults to 'int' in declaration of 'convFlag' [-Wimplicit-int]
   72 | volatile convFlag;
      |          ^~~~~~~~
../Core/Src/main.c: In function 'main':
../Core/Src/main.c:242:36: warning: passing argument 2 of 'HAL_ADC_Start_DMA' from incompatible pointer type [-Wincompatible-pointer-types]
  242 |          HAL_ADC_Start_DMA(&hadc1, ADC_BUFFER, BUFFER_LENGTH);
      |                                    ^~~~~~~~~~
      |                                    |
      |                                    volatile uint16_t * {aka volatile short unsigned int *}
In file included from ../Core/Inc/stm32l4xx_hal_conf.h:278,
                 from ../Drivers/STM32L4xx_HAL_Driver/Inc/stm32l4xx_hal.h:29,
                 from ../Core/Inc/main.h:30,
                 from ../Core/Src/main.c:20:
../Drivers/STM32L4xx_HAL_Driver/Inc/stm32l4xx_hal_adc.h:1945:78: note: expected 'uint32_t *' {aka 'long unsigned int *'} but argument is of type 'volatile uint16_t *' {aka 'volatile short unsigned int *'}
 1945 | HAL_StatusTypeDef       HAL_ADC_Start_DMA(ADC_HandleTypeDef *hadc, uint32_t *pData, uint32_t Length);
      |                                                                    ~~~~~~~~~~^~~~~
../Core/Src/main.c:263:32: warning: passing argument 1 of 'apply_hanning_window' from incompatible pointer type [-Wincompatible-pointer-types]
  263 |           apply_hanning_window(&signal, BUFFER_LENGTH);
      |                                ^~~~~~~
      |                                |
      |                                float32_t (*)[4096] {aka float (*)[4096]}
../Core/Src/main.c:101:39: note: expected 'float32_t *' {aka 'float *'} but argument is of type 'float32_t (*)[4096]' {aka 'float (*)[4096]'}
  101 | void apply_hanning_window(float32_t * signal, uint32_t length){
      |                           ~~~~~~~~~~~~^~~~~~
../Core/Src/main.c:271:56: warning: pointer targets in passing argument 3 of 'find_peaks' differ in signedness [-Wpointer-sign]
  271 |           find_peaks(autocorrelation, BUFFER_LENGTH/2, peaks, &num_peaks); //returns peak indices
      |                                                        ^~~~~
      |                                                        |
      |                                                        uint32_t * {aka long unsigned int *}
../Core/Src/main.c:109:60: note: expected 'int32_t *' {aka 'long int *'} but argument is of type 'uint32_t *' {aka 'long unsigned int *'}
  109 | void find_peaks(float32_t* data, uint32_t length, int32_t* peaks, uint32_t* num_peaks) {
      |                                                   ~~~~~~~~~^~~~~
../Core/Src/main.c:274:21: warning: unused variable 'freq' [-Wunused-variable]
  274 |           float32_t freq = 0.0f;
      |                     ^~~~
../Core/Src/main.c:183:19: warning: variable 'string_offset' set but not used [-Wunused-but-set-variable]
  183 |         float32_t string_offset;
      |                   ^~~~~~~~~~~~~
arm-none-eabi-gcc -o "lab7.elf" @"objects.list"  -l:libarm_cortexM4lf_math.a -mcpu=cortex-m4 -T"C:\Users\nates\OneDrive\Documents\EECS373\polyphonic-guitar-tuner\lab7\STM32L4R5ZITXP_FLASH.ld" --specs=nosys.specs -Wl,-Map="lab7.map" -Wl,--gc-sections -static -L../Middlewares/ST/ARM/DSP/Lib --specs=nano.specs -mfpu=fpv4-sp-d16 -mfloat-abi=hard -mthumb -Wl,--start-group -lc -lm -Wl,--end-group
Finished building target: lab7.elf
 
arm-none-eabi-size  lab7.elf 
arm-none-eabi-objdump -h -S lab7.elf  > "lab7.list"
   text	   data	    bss	    dec	    hex	filename
 125048	     20	   2244	 127312	  1f150	lab7.elf
Finished building: default.size.stdout
 
Finished building: lab7.list
 
16:10:03 **** Incremental Build of configuration Debug for project lab7 ****
make -j12 all 
arm-none-eabi-gcc "../Core/Src/main.c" -mcpu=cortex-m4 -std=gnu11 -g -DDEBUG -DUSE_HAL_DRIVER -DSTM32L4R5xx -c -I../Core/Inc -I../Drivers/STM32L4xx_HAL_Driver/Inc -I../Drivers/STM32L4xx_HAL_Driver/Inc/Legacy -I../Drivers/CMSIS/Device/ST/STM32L4xx/Include -I../Drivers/CMSIS/Include -I../Middlewares/ST/ARM/DSP/Inc -O0 -ffunction-sections -fdata-sections -Wall -fstack-usage -fcyclomatic-complexity -MMD -MP -MF"Core/Src/main.d" -MT"Core/Src/main.o" --specs=nano.specs -mfpu=fpv4-sp-d16 -mfloat-abi=hard -mthumb -o "Core/Src/main.o"
../Core/Src/main.c:72:10: warning: type defaults to 'int' in declaration of 'convFlag' [-Wimplicit-int]
   72 | volatile convFlag;
      |          ^~~~~~~~
../Core/Src/main.c: In function 'main':
../Core/Src/main.c:242:36: warning: passing argument 2 of 'HAL_ADC_Start_DMA' from incompatible pointer type [-Wincompatible-pointer-types]
  242 |          HAL_ADC_Start_DMA(&hadc1, ADC_BUFFER, BUFFER_LENGTH);
      |                                    ^~~~~~~~~~
      |                                    |
      |                                    volatile uint16_t * {aka volatile short unsigned int *}
In file included from ../Core/Inc/stm32l4xx_hal_conf.h:278,
                 from ../Drivers/STM32L4xx_HAL_Driver/Inc/stm32l4xx_hal.h:29,
                 from ../Core/Inc/main.h:30,
                 from ../Core/Src/main.c:20:
../Drivers/STM32L4xx_HAL_Driver/Inc/stm32l4xx_hal_adc.h:1945:78: note: expected 'uint32_t *' {aka 'long unsigned int *'} but argument is of type 'volatile uint16_t *' {aka 'volatile short unsigned int *'}
 1945 | HAL_StatusTypeDef       HAL_ADC_Start_DMA(ADC_HandleTypeDef *hadc, uint32_t *pData, uint32_t Length);
      |                                                                    ~~~~~~~~~~^~~~~
../Core/Src/main.c:263:32: warning: passing argument 1 of 'apply_hanning_window' from incompatible pointer type [-Wincompatible-pointer-types]
  263 |           apply_hanning_window(&signal, BUFFER_LENGTH);
      |                                ^~~~~~~
      |                                |
      |                                float32_t (*)[4096] {aka float (*)[4096]}
../Core/Src/main.c:101:39: note: expected 'float32_t *' {aka 'float *'} but argument is of type 'float32_t (*)[4096]' {aka 'float (*)[4096]'}
  101 | void apply_hanning_window(float32_t * signal, uint32_t length){
      |                           ~~~~~~~~~~~~^~~~~~
../Core/Src/main.c:271:56: warning: pointer targets in passing argument 3 of 'find_peaks' differ in signedness [-Wpointer-sign]
  271 |           find_peaks(autocorrelation, BUFFER_LENGTH/2, peaks, &num_peaks); //returns peak indices
      |                                                        ^~~~~
      |                                                        |
      |                                                        uint32_t * {aka long unsigned int *}
../Core/Src/main.c:109:60: note: expected 'int32_t *' {aka 'long int *'} but argument is of type 'uint32_t *' {aka 'long unsigned int *'}
  109 | void find_peaks(float32_t* data, uint32_t length, int32_t* peaks, uint32_t* num_peaks) {
      |                                                   ~~~~~~~~~^~~~~
../Core/Src/main.c:274:21: warning: unused variable 'freq' [-Wunused-variable]
  274 |           float32_t freq = 0.0f;
      |                     ^~~~
../Core/Src/main.c:183:19: warning: variable 'string_offset' set but not used [-Wunused-but-set-variable]
  183 |         float32_t string_offset;
      |                   ^~~~~~~~~~~~~
arm-none-eabi-gcc -o "lab7.elf" @"objects.list"  -l:libarm_cortexM4lf_math.a -mcpu=cortex-m4 -T"C:\Users\nates\OneDrive\Documents\EECS373\polyphonic-guitar-tuner\lab7\STM32L4R5ZITXP_FLASH.ld" --specs=nosys.specs -Wl,-Map="lab7.map" -Wl,--gc-sections -static -L../Middlewares/ST/ARM/DSP/Lib --specs=nano.specs -mfpu=fpv4-sp-d16 -mfloat-abi=hard -mthumb -Wl,--start-group -lc -lm -Wl,--end-group
Finished building target: lab7.elf
 
arm-none-eabi-size  lab7.elf 
arm-none-eabi-objdump -h -S lab7.elf  > "lab7.list"
   text	   data	    bss	    dec	    hex	filename
 125048	     20	   2244	 127312	  1f150	lab7.elf
Finished building: default.size.stdout
 
Finished building: lab7.list
 
16:10:59 **** Incremental Build of configuration Debug for project lab7 ****
make -j12 all 
arm-none-eabi-gcc "../Core/Src/main.c" -mcpu=cortex-m4 -std=gnu11 -g -DDEBUG -DUSE_HAL_DRIVER -DSTM32L4R5xx -c -I../Core/Inc -I../Drivers/STM32L4xx_HAL_Driver/Inc -I../Drivers/STM32L4xx_HAL_Driver/Inc/Legacy -I../Drivers/CMSIS/Device/ST/STM32L4xx/Include -I../Drivers/CMSIS/Include -I../Middlewares/ST/ARM/DSP/Inc -O0 -ffunction-sections -fdata-sections -Wall -fstack-usage -fcyclomatic-complexity -MMD -MP -MF"Core/Src/main.d" -MT"Core/Src/main.o" --specs=nano.specs -mfpu=fpv4-sp-d16 -mfloat-abi=hard -mthumb -o "Core/Src/main.o"
../Core/Src/main.c:72:10: warning: type defaults to 'int' in declaration of 'convFlag' [-Wimplicit-int]
   72 | volatile convFlag;
      |          ^~~~~~~~
../Core/Src/main.c: In function 'main':
../Core/Src/main.c:242:36: warning: passing argument 2 of 'HAL_ADC_Start_DMA' from incompatible pointer type [-Wincompatible-pointer-types]
  242 |          HAL_ADC_Start_DMA(&hadc1, ADC_BUFFER, BUFFER_LENGTH);
      |                                    ^~~~~~~~~~
      |                                    |
      |                                    volatile uint16_t * {aka volatile short unsigned int *}
In file included from ../Core/Inc/stm32l4xx_hal_conf.h:278,
                 from ../Drivers/STM32L4xx_HAL_Driver/Inc/stm32l4xx_hal.h:29,
                 from ../Core/Inc/main.h:30,
                 from ../Core/Src/main.c:20:
../Drivers/STM32L4xx_HAL_Driver/Inc/stm32l4xx_hal_adc.h:1945:78: note: expected 'uint32_t *' {aka 'long unsigned int *'} but argument is of type 'volatile uint16_t *' {aka 'volatile short unsigned int *'}
 1945 | HAL_StatusTypeDef       HAL_ADC_Start_DMA(ADC_HandleTypeDef *hadc, uint32_t *pData, uint32_t Length);
      |                                                                    ~~~~~~~~~~^~~~~
../Core/Src/main.c:263:32: warning: passing argument 1 of 'apply_hanning_window' from incompatible pointer type [-Wincompatible-pointer-types]
  263 |           apply_hanning_window(&signal, BUFFER_LENGTH);
      |                                ^~~~~~~
      |                                |
      |                                float32_t (*)[4096] {aka float (*)[4096]}
../Core/Src/main.c:101:39: note: expected 'float32_t *' {aka 'float *'} but argument is of type 'float32_t (*)[4096]' {aka 'float (*)[4096]'}
  101 | void apply_hanning_window(float32_t * signal, uint32_t length){
      |                           ~~~~~~~~~~~~^~~~~~
../Core/Src/main.c:271:56: warning: pointer targets in passing argument 3 of 'find_peaks' differ in signedness [-Wpointer-sign]
  271 |           find_peaks(autocorrelation, BUFFER_LENGTH/2, peaks, &num_peaks); //returns peak indices
      |                                                        ^~~~~
      |                                                        |
      |                                                        uint32_t * {aka long unsigned int *}
../Core/Src/main.c:109:60: note: expected 'int32_t *' {aka 'long int *'} but argument is of type 'uint32_t *' {aka 'long unsigned int *'}
  109 | void find_peaks(float32_t* data, uint32_t length, int32_t* peaks, uint32_t* num_peaks) {
      |                                                   ~~~~~~~~~^~~~~
../Core/Src/main.c:274:21: warning: unused variable 'freq' [-Wunused-variable]
  274 |           float32_t freq = 0.0f;
      |                     ^~~~
../Core/Src/main.c:183:19: warning: variable 'string_offset' set but not used [-Wunused-but-set-variable]
  183 |         float32_t string_offset;
      |                   ^~~~~~~~~~~~~
arm-none-eabi-gcc -o "lab7.elf" @"objects.list"  -l:libarm_cortexM4lf_math.a -mcpu=cortex-m4 -T"C:\Users\nates\OneDrive\Documents\EECS373\polyphonic-guitar-tuner\lab7\STM32L4R5ZITXP_FLASH.ld" --specs=nosys.specs -Wl,-Map="lab7.map" -Wl,--gc-sections -static -L../Middlewares/ST/ARM/DSP/Lib --specs=nano.specs -mfpu=fpv4-sp-d16 -mfloat-abi=hard -mthumb -Wl,--start-group -lc -lm -Wl,--end-group
Finished building target: lab7.elf
 
arm-none-eabi-size  lab7.elf 
arm-none-eabi-objdump -h -S lab7.elf  > "lab7.list"
   text	   data	    bss	    dec	    hex	filename
 125048	     20	   2244	 127312	  1f150	lab7.elf
Finished building: default.size.stdout
 
Finished building: lab7.list
 
